1787108176.8061931 [INFO] [launch]: All log files can be found below /home/m4/.ros/log/2026-08-18-19-56-16-802105-m4-5913
1787108176.8066633 [INFO] [launch]: Default logging verbosity is set to INFO
1787108176.9233229 [INFO] [rl_controller_hardware-1]: process started with pid [5965]
1787108176.9238465 [INFO] [tilt_controller_hardware-2]: process started with pid [5967]
1787108180.7919350 [tilt_controller_hardware-2] [INFO] [1787108180.791244385] [tilt_controller_hardware]: Starting TiltHardware node...
1787108448.6795406 [WARNING] [launch]: user interrupted with ctrl-c (SIGINT)
1787108448.6899486 [tilt_controller_hardware-2] [INFO] [1787108448.688692330] [tilt_controller_hardware]: tilt motor zeroed
1787108448.6908150 [tilt_controller_hardware-2] Failed to publish log message to rosout: publisher's context is invalid, at ./src/rcl/publisher.c:389
1787108448.6947589 [tilt_controller_hardware-2] [INFO] [1787108448.694300338] [tilt_controller_hardware]: port closed !
1787108448.6951613 [tilt_controller_hardware-2] Failed to publish log message to rosout: publisher's context is invalid, at ./src/rcl/publisher.c:389
1787108448.7247128 [tilt_controller_hardware-2] tilt angle is: 85.53 deg
1787108448.7252004 [tilt_controller_hardware-2] tilt angle is: 85.53 deg
1787108448.7253709 [tilt_controller_hardware-2] tilt angle is: 85.53 deg
1787108448.7255166 [tilt_controller_hardware-2] tilt angle is: 85.53 deg
1787108448.7256494 [tilt_controller_hardware-2] tilt angle is: 85.53 deg
1787108448.7257705 [tilt_controller_hardware-2] tilt angle is: 85.53 deg
1787108448.7258873 [tilt_controller_hardware-2] tilt angle is: 85.53 deg
1787108448.7260056 [tilt_controller_hardware-2] tilt angle is: 85.53 deg
1787108448.7261167 [tilt_controller_hardware-2] tilt angle is: 85.53 deg
1787108448.7262251 [tilt_controller_hardware-2] tilt angle is: 85.53 deg
1787108448.7263331 [tilt_controller_hardware-2] tilt angle is: 85.53 deg
1787108448.7264400 [tilt_controller_hardware-2] tilt angle is: 85.53 deg
1787108448.7265921 [tilt_controller_hardware-2] tilt angle is: 85.53 deg
1787108448.7267079 [tilt_controller_hardware-2] tilt angle is: 85.53 deg
1787108448.7268159 [tilt_controller_hardware-2] tilt angle is: 85.53 deg
1787108448.7269225 [tilt_controller_hardware-2] tilt angle is: 85.53 deg
1787108448.7270281 [tilt_controller_hardware-2] tilt angle is: 85.53 deg
1787108448.7271349 [tilt_controller_hardware-2] tilt angle is: 85.52 deg
1787108448.7272406 [tilt_controller_hardware-2] tilt angle is: 73.52 deg
1787108448.7273457 [tilt_controller_hardware-2] tilt angle is: 53.95 deg
1787108448.7274523 [tilt_controller_hardware-2] tilt angle is: 32.52 deg
1787108448.7275569 [tilt_controller_hardware-2] tilt angle is: 32.49 deg
1787108448.7276621 [tilt_controller_hardware-2] tilt angle is: 32.49 deg
1787108448.7280478 [tilt_controller_hardware-2] tilt angle is: 32.49 deg
1787108448.7281721 [tilt_controller_hardware-2] tilt angle is: 32.49 deg
1787108448.7282875 [tilt_controller_hardware-2] tilt angle is: 32.49 deg
1787108448.7283988 [tilt_controller_hardware-2] tilt angle is: 32.49 deg
1787108448.7285614 [tilt_controller_hardware-2] tilt angle is: 32.49 deg
1787108448.7286766 [tilt_controller_hardware-2] tilt angle is: 32.49 deg
1787108448.7287843 [tilt_controller_hardware-2] tilt angle is: 32.49 deg
1787108448.7288902 [tilt_controller_hardware-2] tilt angle is: 32.49 deg
1787108448.7289953 [tilt_controller_hardware-2] tilt angle is: 32.49 deg
1787108448.7291002 [tilt_controller_hardware-2] tilt angle is: 32.49 deg
1787108448.7292044 [tilt_controller_hardware-2] tilt angle is: 32.49 deg
1787108448.7293086 [tilt_controller_hardware-2] tilt angle is: 32.49 deg
1787108448.7294130 [tilt_controller_hardware-2] tilt angle is: 32.49 deg
1787108448.7295175 [tilt_controller_hardware-2] tilt angle is: 32.49 deg
1787108448.7296209 [tilt_controller_hardware-2] tilt angle is: 32.49 deg
1787108448.7297254 [tilt_controller_hardware-2] tilt angle is: 32.49 deg
1787108448.7298305 [tilt_controller_hardware-2] tilt angle is: 32.49 deg
1787108448.7299354 [tilt_controller_hardware-2] tilt angle is: 32.49 deg
1787108448.7301123 [tilt_controller_hardware-2] tilt angle is: 32.49 deg
1787108448.7302299 [tilt_controller_hardware-2] tilt angle is: 32.49 deg
1787108448.7303388 [tilt_controller_hardware-2] tilt angle is: 32.49 deg
1787108448.7305517 [tilt_controller_hardware-2] tilt angle is: 32.49 deg
1787108448.7307558 [tilt_controller_hardware-2] tilt angle is: 32.49 deg
1787108448.7308776 [tilt_controller_hardware-2] tilt angle is: 32.49 deg
1787108448.7310455 [tilt_controller_hardware-2] tilt angle is: 32.49 deg
1787108448.7311642 [tilt_controller_hardware-2] tilt angle is: 32.49 deg
1787108448.7312756 [tilt_controller_hardware-2] tilt angle is: 32.49 deg
1787108448.7313850 [tilt_controller_hardware-2] tilt angle is: 32.49 deg
1787108448.7314916 [tilt_controller_hardware-2] tilt angle is: 32.49 deg
1787108448.7315962 [tilt_controller_hardware-2] tilt angle is: 32.49 deg
1787108448.7317007 [tilt_controller_hardware-2] tilt angle is: 32.49 deg
1787108448.7318063 [tilt_controller_hardware-2] tilt angle is: 32.49 deg
1787108448.7319119 [tilt_controller_hardware-2] tilt angle is: 32.49 deg
1787108448.7322140 [tilt_controller_hardware-2] tilt angle is: 32.49 deg
1787108448.7323389 [tilt_controller_hardware-2] tilt angle is: 32.49 deg
1787108448.7324884 [tilt_controller_hardware-2] tilt angle is: 32.49 deg
1787108448.7326083 [tilt_controller_hardware-2] tilt angle is: 32.49 deg
1787108448.7327189 [tilt_controller_hardware-2] tilt angle is: 32.49 deg
1787108448.7328272 [tilt_controller_hardware-2] tilt angle is: 32.49 deg
1787108448.7329299 [tilt_controller_hardware-2] tilt angle is: 32.49 deg
1787108448.7330327 [tilt_controller_hardware-2] tilt angle is: 32.49 deg
1787108448.7331336 [tilt_controller_hardware-2] tilt angle is: 32.49 deg
1787108448.7332349 [tilt_controller_hardware-2] tilt angle is: 32.49 deg
1787108448.7333379 [tilt_controller_hardware-2] tilt angle is: 32.49 deg
1787108448.7334387 [tilt_controller_hardware-2] tilt angle is: 32.49 deg
1787108448.7335401 [tilt_controller_hardware-2] tilt angle is: 32.49 deg
1787108448.7336409 [tilt_controller_hardware-2] tilt angle is: 32.49 deg
1787108448.7337415 [tilt_controller_hardware-2] tilt angle is: 32.49 deg
1787108448.7338414 [tilt_controller_hardware-2] tilt angle is: 32.49 deg
1787108448.7339401 [tilt_controller_hardware-2] tilt angle is: 32.49 deg
1787108448.7340407 [tilt_controller_hardware-2] tilt angle is: 32.49 deg
1787108448.7341428 [tilt_controller_hardware-2] tilt angle is: 32.49 deg
1787108448.7342446 [tilt_controller_hardware-2] tilt angle is: 32.49 deg
1787108448.7343471 [tilt_controller_hardware-2] tilt angle is: 32.49 deg
1787108448.7344489 [tilt_controller_hardware-2] tilt angle is: 32.49 deg
1787108448.7346551 [tilt_controller_hardware-2] tilt angle is: 32.49 deg
1787108448.7347691 [tilt_controller_hardware-2] tilt angle is: 32.49 deg
1787108448.7348716 [tilt_controller_hardware-2] tilt angle is: 32.49 deg
1787108448.7349710 [tilt_controller_hardware-2] tilt angle is: 32.49 deg
1787108448.7350681 [tilt_controller_hardware-2] tilt angle is: 32.49 deg
1787108448.7351639 [tilt_controller_hardware-2] tilt angle is: 32.49 deg
1787108448.7352579 [tilt_controller_hardware-2] tilt angle is: 32.49 deg
1787108448.7353489 [tilt_controller_hardware-2] tilt angle is: 32.49 deg
1787108448.7354407 [tilt_controller_hardware-2] tilt angle is: 32.49 deg
1787108448.7355332 [tilt_controller_hardware-2] tilt angle is: 32.49 deg
1787108448.7356257 [tilt_controller_hardware-2] tilt angle is: 32.49 deg
1787108448.7357230 [tilt_controller_hardware-2] tilt angle is: 32.49 deg
1787108448.7358201 [tilt_controller_hardware-2] tilt angle is: 32.49 deg
1787108448.7359214 [tilt_controller_hardware-2] tilt angle is: 32.49 deg
1787108448.7360210 [tilt_controller_hardware-2] tilt angle is: 32.49 deg
1787108448.7361212 [tilt_controller_hardware-2] tilt angle is: 32.49 deg
1787108448.7362208 [tilt_controller_hardware-2] tilt angle is: 32.49 deg
1787108448.7363148 [tilt_controller_hardware-2] tilt angle is: 32.49 deg
1787108448.7364070 [tilt_controller_hardware-2] tilt angle is: 32.49 deg
1787108448.7366056 [tilt_controller_hardware-2] tilt angle is: 32.49 deg
1787108448.7367170 [tilt_controller_hardware-2] tilt angle is: 32.49 deg
1787108448.7368565 [tilt_controller_hardware-2] tilt angle is: 32.49 deg
1787108448.7382324 [tilt_controller_hardware-2] tilt angle is: 32.49 deg
1787108448.7383597 [tilt_controller_hardware-2] tilt angle is: 32.49 deg
1787108448.7384679 [tilt_controller_hardware-2] tilt angle is: 32.49 deg
1787108448.7386048 [tilt_controller_hardware-2] tilt angle is: 32.49 deg
1787108448.7394683 [tilt_controller_hardware-2] tilt angle is: 32.49 deg
1787108448.7398796 [tilt_controller_hardware-2] tilt angle is: 32.49 deg
1787108448.7400687 [tilt_controller_hardware-2] tilt angle is: 32.49 deg
1787108448.7402084 [tilt_controller_hardware-2] tilt angle is: 32.49 deg
1787108448.7403297 [tilt_controller_hardware-2] tilt angle is: 32.49 deg
1787108448.7407367 [tilt_controller_hardware-2] tilt angle is: 32.49 deg
1787108448.7409127 [tilt_controller_hardware-2] tilt angle is: 32.49 deg
1787108448.7410252 [tilt_controller_hardware-2] tilt angle is: 32.49 deg
1787108448.7411187 [tilt_controller_hardware-2] tilt angle is: 32.49 deg
1787108448.7418640 [tilt_controller_hardware-2] tilt angle is: 32.49 deg
1787108448.7420473 [tilt_controller_hardware-2] tilt angle is: 32.49 deg
1787108448.7421553 [tilt_controller_hardware-2] tilt angle is: 32.49 deg
1787108448.7422531 [tilt_controller_hardware-2] tilt angle is: 32.49 deg
1787108448.7423468 [tilt_controller_hardware-2] tilt angle is: 32.49 deg
1787108448.7424314 [tilt_controller_hardware-2] tilt angle is: 32.49 deg
1787108448.7425704 [tilt_controller_hardware-2] tilt angle is: 32.49 deg
1787108448.7426724 [tilt_controller_hardware-2] tilt angle is: 32.49 deg
1787108448.7427602 [tilt_controller_hardware-2] tilt angle is: 32.49 deg
1787108448.7428443 [tilt_controller_hardware-2] tilt angle is: 32.49 deg
1787108448.7429292 [tilt_controller_hardware-2] tilt angle is: 32.49 deg
1787108448.7430105 [tilt_controller_hardware-2] tilt angle is: 32.49 deg
1787108448.7430930 [tilt_controller_hardware-2] tilt angle is: 32.49 deg
1787108448.7431703 [tilt_controller_hardware-2] tilt angle is: 32.49 deg
1787108448.7432439 [tilt_controller_hardware-2] tilt angle is: 32.49 deg
1787108448.7433212 [tilt_controller_hardware-2] tilt angle is: 32.49 deg
1787108448.7433929 [tilt_controller_hardware-2] tilt angle is: 32.49 deg
1787108448.7434709 [tilt_controller_hardware-2] tilt angle is: 32.49 deg
1787108448.7435460 [tilt_controller_hardware-2] tilt angle is: 32.49 deg
1787108448.7436194 [tilt_controller_hardware-2] tilt angle is: 32.49 deg
1787108448.7436934 [tilt_controller_hardware-2] tilt angle is: 32.49 deg
1787108448.7437658 [tilt_controller_hardware-2] tilt angle is: 32.49 deg
1787108448.7438419 [tilt_controller_hardware-2] tilt angle is: 32.49 deg
1787108448.7439229 [tilt_controller_hardware-2] tilt angle is: 32.49 deg
1787108448.7440073 [tilt_controller_hardware-2] tilt angle is: 32.49 deg
1787108448.7440903 [tilt_controller_hardware-2] tilt angle is: 32.49 deg
1787108448.7441664 [tilt_controller_hardware-2] tilt angle is: 32.49 deg
1787108448.7442379 [tilt_controller_hardware-2] tilt angle is: 32.49 deg
1787108448.7443104 [tilt_controller_hardware-2] tilt angle is: 32.49 deg
1787108448.7443819 [tilt_controller_hardware-2] tilt angle is: 32.49 deg
1787108448.7444541 [tilt_controller_hardware-2] tilt angle is: 32.49 deg
1787108448.7445261 [tilt_controller_hardware-2] tilt angle is: 32.49 deg
1787108448.7447386 [tilt_controller_hardware-2] tilt angle is: 32.49 deg
1787108448.7448778 [tilt_controller_hardware-2] tilt angle is: 32.49 deg
1787108448.7449856 [tilt_controller_hardware-2] tilt angle is: 32.49 deg
1787108448.7450709 [tilt_controller_hardware-2] tilt angle is: 32.49 deg
1787108448.7451491 [tilt_controller_hardware-2] tilt angle is: 32.49 deg
1787108448.7452259 [tilt_controller_hardware-2] tilt angle is: 32.49 deg
1787108448.7453089 [tilt_controller_hardware-2] tilt angle is: 32.49 deg
1787108448.7453949 [tilt_controller_hardware-2] tilt angle is: 32.49 deg
1787108448.7455993 [tilt_controller_hardware-2] tilt angle is: 32.49 deg
1787108448.7456961 [tilt_controller_hardware-2] tilt angle is: 32.49 deg
1787108448.7457886 [tilt_controller_hardware-2] tilt angle is: 32.49 deg
1787108448.7459753 [tilt_controller_hardware-2] tilt angle is: 32.49 deg
1787108448.7461011 [tilt_controller_hardware-2] tilt angle is: 32.49 deg
1787108448.7461994 [tilt_controller_hardware-2] tilt angle is: 32.49 deg
1787108448.7462935 [tilt_controller_hardware-2] tilt angle is: 32.49 deg
1787108448.7463834 [tilt_controller_hardware-2] tilt angle is: 32.49 deg
1787108448.7464693 [tilt_controller_hardware-2] tilt angle is: 32.49 deg
1787108448.7465715 [tilt_controller_hardware-2] tilt angle is: 32.49 deg
1787108448.7466490 [tilt_controller_hardware-2] tilt angle is: 32.49 deg
1787108448.7467220 [tilt_controller_hardware-2] tilt angle is: 32.49 deg
1787108448.7467999 [tilt_controller_hardware-2] tilt angle is: 32.49 deg
1787108448.7468801 [tilt_controller_hardware-2] tilt angle is: 32.49 deg
1787108448.7469597 [tilt_controller_hardware-2] tilt angle is: 32.49 deg
1787108448.7470403 [tilt_controller_hardware-2] tilt angle is: 32.49 deg
1787108448.7471209 [tilt_controller_hardware-2] tilt angle is: 32.49 deg
1787108448.7471991 [tilt_controller_hardware-2] tilt angle is: 32.49 deg
1787108448.7472718 [tilt_controller_hardware-2] tilt angle is: 32.49 deg
1787108448.7473452 [tilt_controller_hardware-2] tilt angle is: 32.49 deg
1787108448.7474189 [tilt_controller_hardware-2] tilt angle is: 32.49 deg
1787108448.7474909 [tilt_controller_hardware-2] tilt angle is: 32.49 deg
1787108448.7475638 [tilt_controller_hardware-2] tilt angle is: 32.49 deg
1787108448.7476351 [tilt_controller_hardware-2] tilt angle is: 32.49 deg
1787108448.7477081 [tilt_controller_hardware-2] tilt angle is: 32.49 deg
1787108448.7477827 [tilt_controller_hardware-2] tilt angle is: 32.49 deg
1787108448.7478566 [tilt_controller_hardware-2] tilt angle is: 32.49 deg
1787108448.7479308 [tilt_controller_hardware-2] tilt angle is: 32.49 deg
1787108448.7480042 [tilt_controller_hardware-2] tilt angle is: 32.49 deg
1787108448.7480769 [tilt_controller_hardware-2] tilt angle is: 32.49 deg
1787108448.7489102 [tilt_controller_hardware-2] tilt angle is: 32.49 deg
1787108448.7490158 [tilt_controller_hardware-2] tilt angle is: 32.49 deg
1787108448.7491059 [tilt_controller_hardware-2] tilt angle is: 32.49 deg
1787108448.7491930 [tilt_controller_hardware-2] tilt angle is: 32.49 deg
1787108448.7492754 [tilt_controller_hardware-2] tilt angle is: 32.49 deg
1787108448.7497637 [tilt_controller_hardware-2] tilt angle is: 32.49 deg
1787108448.7498720 [tilt_controller_hardware-2] tilt angle is: 32.49 deg
1787108448.7499645 [tilt_controller_hardware-2] tilt angle is: 32.49 deg
1787108448.7500513 [tilt_controller_hardware-2] tilt angle is: 32.49 deg
1787108448.7501366 [tilt_controller_hardware-2] tilt angle is: 32.49 deg
1787108448.7502203 [tilt_controller_hardware-2] tilt angle is: 32.49 deg
1787108448.7503042 [tilt_controller_hardware-2] tilt angle is: 32.49 deg
1787108448.7503886 [tilt_controller_hardware-2] tilt angle is: 32.49 deg
1787108448.7504718 [tilt_controller_hardware-2] tilt angle is: 32.49 deg
1787108448.7505972 [tilt_controller_hardware-2] tilt angle is: 32.49 deg
1787108448.7507911 [tilt_controller_hardware-2] tilt angle is: 32.49 deg
1787108448.7509329 [tilt_controller_hardware-2] tilt angle is: 32.49 deg
1787108448.7510383 [tilt_controller_hardware-2] tilt angle is: 32.49 deg
1787108448.7511315 [tilt_controller_hardware-2] tilt angle is: 32.49 deg
1787108448.7512190 [tilt_controller_hardware-2] tilt angle is: 32.49 deg
1787108448.7513046 [tilt_controller_hardware-2] tilt angle is: 32.49 deg
1787108448.7513895 [tilt_controller_hardware-2] tilt angle is: 32.49 deg
1787108448.7514746 [tilt_controller_hardware-2] tilt angle is: 32.49 deg
1787108448.7515590 [tilt_controller_hardware-2] tilt angle is: 32.49 deg
1787108448.7516427 [tilt_controller_hardware-2] tilt angle is: 32.49 deg
1787108448.7517264 [tilt_controller_hardware-2] tilt angle is: 32.49 deg
1787108448.7518659 [tilt_controller_hardware-2] tilt angle is: 32.49 deg
1787108448.7519605 [tilt_controller_hardware-2] tilt angle is: 32.49 deg
1787108448.7520473 [tilt_controller_hardware-2] tilt angle is: 32.49 deg
1787108448.7521317 [tilt_controller_hardware-2] tilt angle is: 32.49 deg
1787108448.7522161 [tilt_controller_hardware-2] tilt angle is: 32.49 deg
1787108448.7522986 [tilt_controller_hardware-2] tilt angle is: 32.49 deg
1787108448.7523799 [tilt_controller_hardware-2] tilt angle is: 32.49 deg
1787108448.7524619 [tilt_controller_hardware-2] tilt angle is: 32.49 deg
1787108448.7525439 [tilt_controller_hardware-2] tilt angle is: 32.49 deg
1787108448.7526255 [tilt_controller_hardware-2] tilt angle is: 32.49 deg
1787108448.7527084 [tilt_controller_hardware-2] tilt angle is: 32.49 deg
1787108448.7527914 [tilt_controller_hardware-2] tilt angle is: 32.49 deg
1787108448.7528737 [tilt_controller_hardware-2] tilt angle is: 32.49 deg
1787108448.7529554 [tilt_controller_hardware-2] tilt angle is: 32.49 deg
1787108448.7530375 [tilt_controller_hardware-2] tilt angle is: 32.49 deg
1787108448.7531199 [tilt_controller_hardware-2] tilt angle is: 32.49 deg
1787108448.7532017 [tilt_controller_hardware-2] tilt angle is: 32.49 deg
1787108448.7532823 [tilt_controller_hardware-2] tilt angle is: 32.49 deg
1787108448.7533634 [tilt_controller_hardware-2] tilt angle is: 32.49 deg
1787108448.7534451 [tilt_controller_hardware-2] tilt angle is: 32.49 deg
1787108448.7535269 [tilt_controller_hardware-2] tilt angle is: 32.49 deg
1787108448.7536092 [tilt_controller_hardware-2] tilt angle is: 32.49 deg
1787108448.7536941 [tilt_controller_hardware-2] tilt angle is: 32.49 deg
1787108448.7537775 [tilt_controller_hardware-2] tilt angle is: 32.49 deg
1787108448.7538590 [tilt_controller_hardware-2] tilt angle is: 32.49 deg
1787108448.7539413 [tilt_controller_hardware-2] tilt angle is: 32.49 deg
1787108448.7540219 [tilt_controller_hardware-2] tilt angle is: 32.49 deg
1787108448.7541039 [tilt_controller_hardware-2] tilt angle is: 32.49 deg
1787108448.7541852 [tilt_controller_hardware-2] tilt angle is: 32.49 deg
1787108448.7542672 [tilt_controller_hardware-2] tilt angle is: 32.49 deg
1787108448.7543495 [tilt_controller_hardware-2] tilt angle is: 32.49 deg
1787108448.7544315 [tilt_controller_hardware-2] tilt angle is: 32.49 deg
1787108448.7545404 [tilt_controller_hardware-2] tilt angle is: 32.49 deg
1787108448.7546396 [tilt_controller_hardware-2] tilt angle is: 32.49 deg
1787108448.7547259 [tilt_controller_hardware-2] tilt angle is: 32.49 deg
1787108448.7548096 [tilt_controller_hardware-2] tilt angle is: 32.49 deg
1787108448.7548935 [tilt_controller_hardware-2] tilt angle is: 32.49 deg
1787108448.7549756 [tilt_controller_hardware-2] tilt angle is: 32.49 deg
1787108448.7550576 [tilt_controller_hardware-2] tilt angle is: 32.49 deg
1787108448.7551403 [tilt_controller_hardware-2] tilt angle is: 32.49 deg
1787108448.7552233 [tilt_controller_hardware-2] tilt angle is: 32.49 deg
1787108448.7553041 [tilt_controller_hardware-2] tilt angle is: 32.49 deg
1787108448.7553842 [tilt_controller_hardware-2] tilt angle is: 32.49 deg
1787108448.7556798 [tilt_controller_hardware-2] tilt angle is: 32.49 deg
1787108448.7558694 [tilt_controller_hardware-2] tilt angle is: 32.49 deg
1787108448.7559803 [tilt_controller_hardware-2] tilt angle is: 32.49 deg
1787108448.7560802 [tilt_controller_hardware-2] tilt angle is: 32.49 deg
1787108448.7561762 [tilt_controller_hardware-2] tilt angle is: 32.49 deg
1787108448.7562702 [tilt_controller_hardware-2] tilt angle is: 32.49 deg
1787108448.7563655 [tilt_controller_hardware-2] tilt angle is: 32.49 deg
1787108448.7564559 [tilt_controller_hardware-2] tilt angle is: 32.49 deg
1787108448.7565463 [tilt_controller_hardware-2] tilt angle is: 32.49 deg
1787108448.7566369 [tilt_controller_hardware-2] tilt angle is: 32.49 deg
1787108448.7567239 [tilt_controller_hardware-2] tilt angle is: 32.49 deg
1787108448.7568130 [tilt_controller_hardware-2] tilt angle is: 32.49 deg
1787108448.7569001 [tilt_controller_hardware-2] tilt angle is: 32.49 deg
1787108448.7569871 [tilt_controller_hardware-2] tilt angle is: 32.49 deg
1787108448.7588437 [tilt_controller_hardware-2] tilt angle is: 32.49 deg
1787108448.8998947 [WARNING] [launch]: user interrupted with ctrl-c (SIGINT) again, ignoring...
1787108448.9124603 [ERROR] [tilt_controller_hardware-2]: process has died [pid 5967, exit code -2, cmd '/home/m4/ATMO_rl/atmo_ws/install/atmo/lib/atmo/tilt_controller_hardware --ros-args -r __node:=tilt_controller_hardware'].
1787108448.9217021 [ERROR] [rl_controller_hardware-1]: process has died [pid 5965, exit code -2, cmd '/home/m4/ATMO_rl/atmo_ws/install/atmo/lib/atmo/rl_controller_hardware --ros-args -r __node:=rl_controller_hardware'].
