1787111596.7660847 [INFO] [launch]: All log files can be found below /home/m4/.ros/log/2026-08-18-20-53-16-763102-m4-2894
1787111596.7666054 [INFO] [launch]: Default logging verbosity is set to INFO
1787111596.9393644 [INFO] [rl_controller_hardware-1]: process started with pid [2948]
1787111596.9398687 [INFO] [tilt_controller_hardware-2]: process started with pid [2950]
1787111601.2587061 [tilt_controller_hardware-2] [INFO] [1787111601.257648773] [tilt_controller_hardware]: Starting TiltHardware node...
1787111930.4642603 [tilt_controller_hardware-2] tilt angle is: 85.55 deg
1787111930.4656181 [tilt_controller_hardware-2] tilt angle is: 85.55 deg
1787111930.4658160 [tilt_controller_hardware-2] tilt angle is: 85.55 deg
1787111930.4659584 [tilt_controller_hardware-2] tilt angle is: 85.55 deg
1787111930.4660861 [tilt_controller_hardware-2] tilt angle is: 85.55 deg
1787111930.4662039 [tilt_controller_hardware-2] tilt angle is: 85.55 deg
1787111930.4663115 [tilt_controller_hardware-2] tilt angle is: 85.55 deg
1787111930.4664140 [tilt_controller_hardware-2] tilt angle is: 85.55 deg
1787111930.4665160 [tilt_controller_hardware-2] tilt angle is: 85.55 deg
1787111930.4666183 [tilt_controller_hardware-2] tilt angle is: 85.55 deg
1787111930.4667189 [tilt_controller_hardware-2] tilt angle is: 85.55 deg
1787111930.4668202 [tilt_controller_hardware-2] tilt angle is: 85.55 deg
1787111930.4669189 [tilt_controller_hardware-2] tilt angle is: 85.55 deg
1787111930.4670200 [tilt_controller_hardware-2] tilt angle is: 85.55 deg
1787111930.4671197 [tilt_controller_hardware-2] tilt angle is: 85.28 deg
1787111930.4672172 [tilt_controller_hardware-2] tilt angle is: 72.80 deg
1787111930.4673142 [tilt_controller_hardware-2] tilt angle is: 52.92 deg
1787111930.4674149 [tilt_controller_hardware-2] tilt angle is: 29.46 deg
1787111930.4675128 [tilt_controller_hardware-2] tilt angle is: 17.58 deg
1787111930.4676130 [tilt_controller_hardware-2] tilt angle is: 17.58 deg
1787111930.4677095 [tilt_controller_hardware-2] tilt angle is: 17.58 deg
1787111930.4678061 [tilt_controller_hardware-2] tilt angle is: 17.58 deg
1787111930.4679031 [tilt_controller_hardware-2] tilt angle is: 17.58 deg
1787111930.4680023 [tilt_controller_hardware-2] tilt angle is: 17.58 deg
1787111930.4681027 [tilt_controller_hardware-2] tilt angle is: 17.58 deg
1787111930.4682016 [tilt_controller_hardware-2] tilt angle is: 17.58 deg
1787111930.4683003 [tilt_controller_hardware-2] tilt angle is: 17.58 deg
1787111930.4683988 [tilt_controller_hardware-2] tilt angle is: 17.58 deg
1787111930.4684944 [tilt_controller_hardware-2] tilt angle is: 17.58 deg
1787111930.4685845 [tilt_controller_hardware-2] tilt angle is: 17.58 deg
1787111930.4687042 [tilt_controller_hardware-2] tilt angle is: 17.58 deg
1787111930.4688134 [tilt_controller_hardware-2] tilt angle is: 17.58 deg
1787111930.4689155 [tilt_controller_hardware-2] tilt angle is: 17.58 deg
1787111930.4690123 [tilt_controller_hardware-2] tilt angle is: 17.58 deg
1787111930.4691098 [tilt_controller_hardware-2] tilt angle is: 17.58 deg
1787111930.4692078 [tilt_controller_hardware-2] tilt angle is: 17.58 deg
1787111930.4693072 [tilt_controller_hardware-2] tilt angle is: 17.58 deg
1787111930.4694037 [tilt_controller_hardware-2] tilt angle is: 17.58 deg
1787111930.4695017 [tilt_controller_hardware-2] tilt angle is: 17.58 deg
1787111930.4696016 [tilt_controller_hardware-2] tilt angle is: 17.58 deg
1787111930.4697034 [tilt_controller_hardware-2] tilt angle is: 17.58 deg
1787111930.4698019 [tilt_controller_hardware-2] tilt angle is: 17.58 deg
1787111930.4699008 [tilt_controller_hardware-2] tilt angle is: 17.58 deg
1787111930.4700007 [tilt_controller_hardware-2] tilt angle is: 17.58 deg
1787111930.4701002 [tilt_controller_hardware-2] tilt angle is: 17.58 deg
1787111930.4701955 [tilt_controller_hardware-2] tilt angle is: 17.58 deg
1787111930.4702861 [tilt_controller_hardware-2] tilt angle is: 17.58 deg
1787111930.4703774 [tilt_controller_hardware-2] tilt angle is: 17.58 deg
1787111930.4704678 [tilt_controller_hardware-2] tilt angle is: 17.58 deg
1787111930.4705570 [tilt_controller_hardware-2] tilt angle is: 17.58 deg
1787111930.4708345 [tilt_controller_hardware-2] tilt angle is: 17.58 deg
1787111930.4709425 [tilt_controller_hardware-2] tilt angle is: 17.58 deg
1787111930.4710433 [tilt_controller_hardware-2] tilt angle is: 17.58 deg
1787111930.4711418 [tilt_controller_hardware-2] tilt angle is: 17.58 deg
1787111930.4712408 [tilt_controller_hardware-2] tilt angle is: 17.58 deg
1787111930.4713378 [tilt_controller_hardware-2] tilt angle is: 17.58 deg
1787111930.4714339 [tilt_controller_hardware-2] tilt angle is: 17.58 deg
1787111930.4715338 [tilt_controller_hardware-2] tilt angle is: 17.58 deg
1787111930.4716294 [tilt_controller_hardware-2] tilt angle is: 17.58 deg
1787111930.4717269 [tilt_controller_hardware-2] tilt angle is: 17.58 deg
1787111930.4718225 [tilt_controller_hardware-2] tilt angle is: 17.58 deg
1787111930.4719124 [tilt_controller_hardware-2] tilt angle is: 17.58 deg
1787111930.4720023 [tilt_controller_hardware-2] tilt angle is: 17.58 deg
1787111930.4720914 [tilt_controller_hardware-2] tilt angle is: 17.58 deg
1787111930.4721808 [tilt_controller_hardware-2] tilt angle is: 17.58 deg
1787111930.4722693 [tilt_controller_hardware-2] tilt angle is: 17.58 deg
1787111930.4723568 [tilt_controller_hardware-2] tilt angle is: 17.58 deg
1787111930.4724476 [tilt_controller_hardware-2] tilt angle is: 17.58 deg
1787111930.4725435 [tilt_controller_hardware-2] tilt angle is: 17.58 deg
1787111930.4726336 [tilt_controller_hardware-2] tilt angle is: 17.58 deg
1787111930.4727609 [tilt_controller_hardware-2] tilt angle is: 17.58 deg
1787111930.4728582 [tilt_controller_hardware-2] tilt angle is: 17.58 deg
1787111930.4729538 [tilt_controller_hardware-2] tilt angle is: 17.58 deg
1787111930.4730525 [tilt_controller_hardware-2] tilt angle is: 17.58 deg
1787111930.4731481 [tilt_controller_hardware-2] tilt angle is: 17.58 deg
1787111930.4732378 [tilt_controller_hardware-2] tilt angle is: 17.58 deg
1787111930.4733267 [tilt_controller_hardware-2] tilt angle is: 17.58 deg
1787111930.4734161 [tilt_controller_hardware-2] tilt angle is: 17.58 deg
1787111930.4735050 [tilt_controller_hardware-2] tilt angle is: 17.58 deg
1787111930.4735949 [tilt_controller_hardware-2] tilt angle is: 17.58 deg
1787111930.4736891 [tilt_controller_hardware-2] tilt angle is: 17.58 deg
1787111930.4737804 [tilt_controller_hardware-2] tilt angle is: 17.58 deg
1787111930.4738703 [tilt_controller_hardware-2] tilt angle is: 17.58 deg
1787111930.4739599 [tilt_controller_hardware-2] tilt angle is: 17.58 deg
1787111930.4740508 [tilt_controller_hardware-2] tilt angle is: 17.58 deg
1787111930.4741497 [tilt_controller_hardware-2] tilt angle is: 17.58 deg
1787111930.4742484 [tilt_controller_hardware-2] tilt angle is: 17.58 deg
1787111930.4743490 [tilt_controller_hardware-2] tilt angle is: 17.58 deg
1787111930.4744449 [tilt_controller_hardware-2] tilt angle is: 17.58 deg
1787111930.4745429 [tilt_controller_hardware-2] tilt angle is: 17.58 deg
1787111930.4746394 [tilt_controller_hardware-2] tilt angle is: 17.58 deg
1787111930.4747350 [tilt_controller_hardware-2] tilt angle is: 17.58 deg
1787111930.4748344 [tilt_controller_hardware-2] tilt angle is: 17.58 deg
1787111930.4749289 [tilt_controller_hardware-2] tilt angle is: 17.58 deg
1787111930.4750254 [tilt_controller_hardware-2] tilt angle is: 17.58 deg
1787111930.4751256 [tilt_controller_hardware-2] tilt angle is: 17.58 deg
1787111930.4752243 [tilt_controller_hardware-2] tilt angle is: 17.58 deg
1787111930.4753158 [tilt_controller_hardware-2] tilt angle is: 17.58 deg
1787111930.4754066 [tilt_controller_hardware-2] tilt angle is: 17.58 deg
1787111930.4755023 [tilt_controller_hardware-2] tilt angle is: 17.58 deg
1787111930.4755986 [tilt_controller_hardware-2] tilt angle is: 17.58 deg
1787111930.4756978 [tilt_controller_hardware-2] tilt angle is: 17.58 deg
1787111930.4757903 [tilt_controller_hardware-2] tilt angle is: 17.58 deg
1787111930.4758794 [tilt_controller_hardware-2] tilt angle is: 17.58 deg
1787111930.4759691 [tilt_controller_hardware-2] tilt angle is: 17.58 deg
1787111930.4760575 [tilt_controller_hardware-2] tilt angle is: 17.58 deg
1787111930.4762056 [tilt_controller_hardware-2] tilt angle is: 17.58 deg
1787111930.4763079 [tilt_controller_hardware-2] tilt angle is: 17.58 deg
1787111930.4764078 [tilt_controller_hardware-2] tilt angle is: 17.58 deg
1787111930.4765072 [tilt_controller_hardware-2] tilt angle is: 17.58 deg
1787111930.4766037 [tilt_controller_hardware-2] tilt angle is: 17.58 deg
1787111930.4767344 [tilt_controller_hardware-2] tilt angle is: 17.58 deg
1787111930.4768426 [tilt_controller_hardware-2] tilt angle is: 17.58 deg
1787111930.4769459 [tilt_controller_hardware-2] tilt angle is: 17.58 deg
1787111930.4770470 [tilt_controller_hardware-2] tilt angle is: 17.58 deg
1787111930.4771502 [tilt_controller_hardware-2] tilt angle is: 17.58 deg
1787111930.4772530 [tilt_controller_hardware-2] tilt angle is: 17.58 deg
1787111930.4773540 [tilt_controller_hardware-2] tilt angle is: 17.58 deg
1787111930.4774542 [tilt_controller_hardware-2] tilt angle is: 17.58 deg
1787111930.4775536 [tilt_controller_hardware-2] tilt angle is: 17.58 deg
1787111930.4776461 [tilt_controller_hardware-2] tilt angle is: 17.58 deg
1787111930.4777348 [tilt_controller_hardware-2] tilt angle is: 17.58 deg
1787111930.4778235 [tilt_controller_hardware-2] tilt angle is: 17.58 deg
1787111930.4779124 [tilt_controller_hardware-2] tilt angle is: 17.58 deg
1787111930.4780011 [tilt_controller_hardware-2] tilt angle is: 17.58 deg
1787111930.4780922 [tilt_controller_hardware-2] tilt angle is: 17.58 deg
1787111930.4781888 [tilt_controller_hardware-2] tilt angle is: 17.58 deg
1787111930.4782853 [tilt_controller_hardware-2] tilt angle is: 17.58 deg
1787111930.4783821 [tilt_controller_hardware-2] tilt angle is: 17.58 deg
1787111930.4784801 [tilt_controller_hardware-2] tilt angle is: 17.58 deg
1787111930.4785790 [tilt_controller_hardware-2] tilt angle is: 17.58 deg
1787111930.4786785 [tilt_controller_hardware-2] tilt angle is: 17.58 deg
1787111930.4787822 [tilt_controller_hardware-2] tilt angle is: 17.58 deg
1787111930.4788809 [tilt_controller_hardware-2] tilt angle is: 17.58 deg
1787111930.4789717 [tilt_controller_hardware-2] tilt angle is: 17.58 deg
1787111930.4790616 [tilt_controller_hardware-2] tilt angle is: 17.58 deg
1787111930.4791505 [tilt_controller_hardware-2] tilt angle is: 17.58 deg
1787111930.4792399 [tilt_controller_hardware-2] tilt angle is: 17.58 deg
1787111930.4793339 [tilt_controller_hardware-2] tilt angle is: 17.58 deg
1787111930.4794254 [tilt_controller_hardware-2] tilt angle is: 17.58 deg
1787111930.4795139 [tilt_controller_hardware-2] tilt angle is: 17.58 deg
1787111930.4796040 [tilt_controller_hardware-2] tilt angle is: 17.58 deg
1787111930.4796925 [tilt_controller_hardware-2] tilt angle is: 17.58 deg
1787111930.4797847 [tilt_controller_hardware-2] tilt angle is: 17.58 deg
1787111930.4798810 [tilt_controller_hardware-2] tilt angle is: 17.58 deg
1787111930.4799778 [tilt_controller_hardware-2] tilt angle is: 17.58 deg
1787111930.4800751 [tilt_controller_hardware-2] tilt angle is: 17.58 deg
1787111930.4801731 [tilt_controller_hardware-2] tilt angle is: 17.58 deg
1787111930.4802701 [tilt_controller_hardware-2] tilt angle is: 17.58 deg
1787111930.4803660 [tilt_controller_hardware-2] tilt angle is: 17.58 deg
1787111930.4804640 [tilt_controller_hardware-2] tilt angle is: 17.58 deg
1787111930.4805629 [tilt_controller_hardware-2] tilt angle is: 17.58 deg
1787111930.4806604 [tilt_controller_hardware-2] tilt angle is: 17.58 deg
1787111930.4807918 [tilt_controller_hardware-2] tilt angle is: 17.58 deg
1787111930.4808939 [tilt_controller_hardware-2] tilt angle is: 17.58 deg
1787111930.4809921 [tilt_controller_hardware-2] tilt angle is: 17.58 deg
1787111930.4810894 [tilt_controller_hardware-2] tilt angle is: 17.58 deg
1787111930.4811883 [tilt_controller_hardware-2] tilt angle is: 17.58 deg
1787111930.4812856 [tilt_controller_hardware-2] tilt angle is: 17.58 deg
1787111930.4813826 [tilt_controller_hardware-2] tilt angle is: 17.58 deg
1787111930.4814801 [tilt_controller_hardware-2] tilt angle is: 17.58 deg
1787111930.4815788 [tilt_controller_hardware-2] tilt angle is: 17.58 deg
1787111930.4817104 [tilt_controller_hardware-2] tilt angle is: 17.58 deg
1787111930.4818172 [tilt_controller_hardware-2] tilt angle is: 17.58 deg
1787111930.4819167 [tilt_controller_hardware-2] tilt angle is: 17.58 deg
1787111930.4820166 [tilt_controller_hardware-2] tilt angle is: 17.58 deg
1787111930.4821165 [tilt_controller_hardware-2] tilt angle is: 17.58 deg
1787111930.4822156 [tilt_controller_hardware-2] tilt angle is: 17.58 deg
1787111930.4823153 [tilt_controller_hardware-2] tilt angle is: 17.58 deg
1787111930.4824061 [tilt_controller_hardware-2] tilt angle is: 17.58 deg
1787111930.4824960 [tilt_controller_hardware-2] tilt angle is: 17.58 deg
1787111930.4825857 [tilt_controller_hardware-2] tilt angle is: 17.58 deg
1787111930.4826760 [tilt_controller_hardware-2] tilt angle is: 17.58 deg
1787111930.4827707 [tilt_controller_hardware-2] tilt angle is: 17.58 deg
1787111930.4828699 [tilt_controller_hardware-2] tilt angle is: 17.58 deg
1787111930.4829686 [tilt_controller_hardware-2] tilt angle is: 17.58 deg
1787111930.4830642 [tilt_controller_hardware-2] tilt angle is: 17.58 deg
1787111930.4831607 [tilt_controller_hardware-2] tilt angle is: 17.58 deg
1787111930.4832563 [tilt_controller_hardware-2] tilt angle is: 17.58 deg
1787111930.4833536 [tilt_controller_hardware-2] tilt angle is: 17.58 deg
1787111930.4834514 [tilt_controller_hardware-2] tilt angle is: 17.58 deg
1787111930.4835477 [tilt_controller_hardware-2] tilt angle is: 17.58 deg
1787111930.4836433 [tilt_controller_hardware-2] tilt angle is: 17.58 deg
1787111930.4837396 [tilt_controller_hardware-2] tilt angle is: 17.58 deg
1787111930.4838352 [tilt_controller_hardware-2] tilt angle is: 17.58 deg
1787111930.4839299 [tilt_controller_hardware-2] tilt angle is: 17.58 deg
1787111930.4840274 [tilt_controller_hardware-2] tilt angle is: 17.58 deg
1787111930.4841244 [tilt_controller_hardware-2] tilt angle is: 17.58 deg
1787111930.4842222 [tilt_controller_hardware-2] tilt angle is: 17.58 deg
1787111930.4843109 [tilt_controller_hardware-2] tilt angle is: 17.58 deg
1787111930.4844015 [tilt_controller_hardware-2] tilt angle is: 17.58 deg
1787111930.4844913 [tilt_controller_hardware-2] tilt angle is: 17.58 deg
1787111930.4845796 [tilt_controller_hardware-2] tilt angle is: 17.58 deg
1787111930.4846992 [tilt_controller_hardware-2] tilt angle is: 17.58 deg
1787111930.4848092 [tilt_controller_hardware-2] tilt angle is: 17.58 deg
1787111930.4849124 [tilt_controller_hardware-2] tilt angle is: 17.58 deg
1787111930.4850106 [tilt_controller_hardware-2] tilt angle is: 17.58 deg
1787111930.4851110 [tilt_controller_hardware-2] tilt angle is: 17.58 deg
1787111930.4852102 [tilt_controller_hardware-2] tilt angle is: 17.58 deg
1787111930.4853084 [tilt_controller_hardware-2] tilt angle is: 17.58 deg
1787111930.4854088 [tilt_controller_hardware-2] tilt angle is: 17.58 deg
1787111930.4855084 [tilt_controller_hardware-2] tilt angle is: 17.58 deg
1787111930.4856079 [tilt_controller_hardware-2] tilt angle is: 17.58 deg
1787111930.4857049 [tilt_controller_hardware-2] tilt angle is: 17.58 deg
1787111930.4858027 [tilt_controller_hardware-2] tilt angle is: 17.58 deg
1787111930.4859014 [tilt_controller_hardware-2] tilt angle is: 17.58 deg
1787111930.4859977 [tilt_controller_hardware-2] tilt angle is: 17.58 deg
1787111930.4860933 [tilt_controller_hardware-2] tilt angle is: 17.58 deg
1787111930.4861927 [tilt_controller_hardware-2] tilt angle is: 17.58 deg
1787111930.4862940 [tilt_controller_hardware-2] tilt angle is: 17.58 deg
1787111930.4863837 [tilt_controller_hardware-2] tilt angle is: 17.58 deg
1787111930.4864717 [tilt_controller_hardware-2] tilt angle is: 17.58 deg
1787111930.4865594 [tilt_controller_hardware-2] tilt angle is: 17.58 deg
1787111930.4866476 [tilt_controller_hardware-2] tilt angle is: 17.58 deg
1787111930.4867361 [tilt_controller_hardware-2] tilt angle is: 17.58 deg
1787111930.4868250 [tilt_controller_hardware-2] tilt angle is: 17.58 deg
1787111930.4869189 [tilt_controller_hardware-2] tilt angle is: 17.58 deg
1787111930.4870162 [tilt_controller_hardware-2] tilt angle is: 17.58 deg
1787111930.4871490 [tilt_controller_hardware-2] tilt angle is: 17.58 deg
1787111930.4872522 [tilt_controller_hardware-2] tilt angle is: 17.58 deg
1787111930.4873455 [tilt_controller_hardware-2] tilt angle is: 17.58 deg
1787111930.4874365 [tilt_controller_hardware-2] tilt angle is: 17.58 deg
1787111930.4875252 [tilt_controller_hardware-2] tilt angle is: 17.58 deg
1787111930.4876144 [tilt_controller_hardware-2] tilt angle is: 17.58 deg
1787111930.4877090 [tilt_controller_hardware-2] tilt angle is: 17.58 deg
1787111930.4878051 [tilt_controller_hardware-2] tilt angle is: 17.58 deg
1787111930.4879026 [tilt_controller_hardware-2] tilt angle is: 17.58 deg
1787111930.4879923 [tilt_controller_hardware-2] tilt angle is: 17.58 deg
1787111930.4880815 [tilt_controller_hardware-2] tilt angle is: 17.58 deg
1787111930.4881716 [tilt_controller_hardware-2] tilt angle is: 17.58 deg
1787111930.4882600 [tilt_controller_hardware-2] tilt angle is: 17.58 deg
1787111930.4883487 [tilt_controller_hardware-2] tilt angle is: 17.58 deg
1787111930.4884369 [tilt_controller_hardware-2] tilt angle is: 17.58 deg
1787111930.4885273 [tilt_controller_hardware-2] tilt angle is: 17.58 deg
1787111930.4886239 [tilt_controller_hardware-2] tilt angle is: 17.58 deg
1787111930.4887507 [tilt_controller_hardware-2] tilt angle is: 17.58 deg
1787111930.4888525 [tilt_controller_hardware-2] tilt angle is: 17.58 deg
1787111930.4889512 [tilt_controller_hardware-2] tilt angle is: 17.58 deg
1787111930.4890475 [tilt_controller_hardware-2] tilt angle is: 17.58 deg
1787111930.4891481 [tilt_controller_hardware-2] tilt angle is: 17.58 deg
1787111930.4892461 [tilt_controller_hardware-2] tilt angle is: 17.58 deg
1787111930.4893467 [tilt_controller_hardware-2] tilt angle is: 17.58 deg
1787111930.4894428 [tilt_controller_hardware-2] tilt angle is: 17.58 deg
1787111930.4895353 [tilt_controller_hardware-2] tilt angle is: 17.58 deg
1787111930.4896257 [tilt_controller_hardware-2] tilt angle is: 17.58 deg
1787111930.4897141 [tilt_controller_hardware-2] tilt angle is: 17.58 deg
1787111930.4898059 [tilt_controller_hardware-2] tilt angle is: 17.58 deg
1787111930.4899013 [tilt_controller_hardware-2] tilt angle is: 17.58 deg
1787111930.4899991 [tilt_controller_hardware-2] tilt angle is: 17.58 deg
1787111930.4900932 [tilt_controller_hardware-2] tilt angle is: 17.58 deg
1787111930.4901829 [tilt_controller_hardware-2] tilt angle is: 17.58 deg
1787111930.4902713 [tilt_controller_hardware-2] tilt angle is: 17.58 deg
1787111930.4903605 [tilt_controller_hardware-2] tilt angle is: 17.58 deg
1787111930.4904501 [tilt_controller_hardware-2] tilt angle is: 17.58 deg
1787111930.4910853 [tilt_controller_hardware-2] tilt angle is: 17.58 deg
1787111930.4912441 [tilt_controller_hardware-2] tilt angle is: 17.58 deg
1787111930.4913647 [tilt_controller_hardware-2] tilt angle is: 17.58 deg
1787111930.4914708 [tilt_controller_hardware-2] tilt angle is: 17.58 deg
1787111930.4915771 [tilt_controller_hardware-2] tilt angle is: 17.58 deg
1787111930.4917343 [tilt_controller_hardware-2] tilt angle is: 17.58 deg
1787111930.4918492 [tilt_controller_hardware-2] tilt angle is: 17.58 deg
1787111930.4919569 [tilt_controller_hardware-2] tilt angle is: 17.58 deg
1787111930.4920619 [tilt_controller_hardware-2] tilt angle is: 17.58 deg
1787111930.4921713 [tilt_controller_hardware-2] tilt angle is: 17.58 deg
1787111930.4922795 [tilt_controller_hardware-2] tilt angle is: 17.58 deg
1787111930.4923866 [tilt_controller_hardware-2] tilt angle is: 17.58 deg
1787111930.4924912 [tilt_controller_hardware-2] tilt angle is: 17.58 deg
1787111930.4925950 [tilt_controller_hardware-2] tilt angle is: 17.58 deg
1787111930.4934845 [tilt_controller_hardware-2] tilt angle is: 17.58 deg
1787111930.4938433 [tilt_controller_hardware-2] tilt angle is: 17.58 deg
1787111930.4940383 [tilt_controller_hardware-2] tilt angle is: 17.58 deg
1787111930.4941988 [tilt_controller_hardware-2] tilt angle is: 17.58 deg
1787111930.4943402 [tilt_controller_hardware-2] tilt angle is: 17.58 deg
1787111930.4944754 [tilt_controller_hardware-2] tilt angle is: 17.58 deg
1787111930.4946842 [tilt_controller_hardware-2] tilt angle is: 17.58 deg
1787111930.4948163 [tilt_controller_hardware-2] tilt angle is: 17.58 deg
1787111930.4949303 [tilt_controller_hardware-2] tilt angle is: 17.58 deg
1787111930.4950337 [tilt_controller_hardware-2] tilt angle is: 17.58 deg
1787111930.4951398 [tilt_controller_hardware-2] tilt angle is: 17.58 deg
1787111930.4952404 [tilt_controller_hardware-2] tilt angle is: 17.58 deg
1787111930.4953427 [tilt_controller_hardware-2] tilt angle is: 17.58 deg
1787111930.4954495 [tilt_controller_hardware-2] tilt angle is: 17.58 deg
1787111930.4955564 [tilt_controller_hardware-2] tilt angle is: 17.58 deg
1787111930.4956641 [tilt_controller_hardware-2] tilt angle is: 17.58 deg
1787111930.4957695 [tilt_controller_hardware-2] tilt angle is: 17.58 deg
1787111930.4958744 [tilt_controller_hardware-2] tilt angle is: 17.58 deg
1787111930.4959805 [tilt_controller_hardware-2] tilt angle is: 17.58 deg
1787111930.4960866 [tilt_controller_hardware-2] tilt angle is: 17.58 deg
1787111930.4961913 [tilt_controller_hardware-2] tilt angle is: 17.58 deg
1787111930.4962966 [tilt_controller_hardware-2] tilt angle is: 17.58 deg
1787111930.4964027 [tilt_controller_hardware-2] tilt angle is: 17.58 deg
1787111930.4965076 [tilt_controller_hardware-2] tilt angle is: 17.58 deg
1787111930.4966121 [tilt_controller_hardware-2] tilt angle is: 17.58 deg
1787111930.4967916 [tilt_controller_hardware-2] tilt angle is: 17.58 deg
1787111930.4969146 [tilt_controller_hardware-2] tilt angle is: 17.58 deg
1787111930.4970260 [tilt_controller_hardware-2] tilt angle is: 17.58 deg
1787111930.4971347 [tilt_controller_hardware-2] tilt angle is: 17.58 deg
1787111930.4972396 [tilt_controller_hardware-2] tilt angle is: 17.58 deg
1787111930.4973447 [tilt_controller_hardware-2] tilt angle is: 17.58 deg
1787111930.4974506 [tilt_controller_hardware-2] tilt angle is: 17.58 deg
1787111930.4975562 [tilt_controller_hardware-2] tilt angle is: 17.58 deg
1787111930.4976599 [tilt_controller_hardware-2] tilt angle is: 17.58 deg
1787111930.4978647 [tilt_controller_hardware-2] tilt angle is: 17.58 deg
1787111930.4980571 [tilt_controller_hardware-2] tilt angle is: 17.58 deg
1787111930.4981847 [tilt_controller_hardware-2] tilt angle is: 17.58 deg
1787111930.4983053 [tilt_controller_hardware-2] tilt angle is: 17.58 deg
1787111930.4984176 [tilt_controller_hardware-2] tilt angle is: 17.58 deg
1787111930.4985275 [tilt_controller_hardware-2] tilt angle is: 17.58 deg
1787111930.4986351 [tilt_controller_hardware-2] tilt angle is: 17.58 deg
1787111930.4987442 [tilt_controller_hardware-2] tilt angle is: 17.58 deg
1787111930.4988523 [tilt_controller_hardware-2] tilt angle is: 17.58 deg
1787111930.4989581 [tilt_controller_hardware-2] tilt angle is: 17.58 deg
1787111930.4990666 [tilt_controller_hardware-2] tilt angle is: 17.58 deg
1787111930.4991736 [tilt_controller_hardware-2] tilt angle is: 17.58 deg
1787111930.4992833 [tilt_controller_hardware-2] tilt angle is: 17.58 deg
1787111930.4993885 [tilt_controller_hardware-2] tilt angle is: 17.58 deg
1787111930.4994955 [tilt_controller_hardware-2] tilt angle is: 17.58 deg
1787111930.4995999 [tilt_controller_hardware-2] tilt angle is: 17.58 deg
1787111930.4997041 [tilt_controller_hardware-2] tilt angle is: 17.58 deg
1787111930.4998100 [tilt_controller_hardware-2] tilt angle is: 17.58 deg
1787111930.4999156 [tilt_controller_hardware-2] tilt angle is: 17.58 deg
1787111930.5000231 [tilt_controller_hardware-2] tilt angle is: 17.58 deg
1787111930.5001292 [tilt_controller_hardware-2] tilt angle is: 17.58 deg
1787111930.5002348 [tilt_controller_hardware-2] tilt angle is: 17.58 deg
1787111930.5003414 [tilt_controller_hardware-2] tilt angle is: 17.58 deg
1787111930.5004463 [tilt_controller_hardware-2] tilt angle is: 17.58 deg
1787111930.5005488 [tilt_controller_hardware-2] tilt angle is: 17.58 deg
