1787105940.1046889 [INFO] [launch]: All log files can be found below /home/m4/.ros/log/2026-08-18-19-19-00-102092-m4-4571
1787105940.1050823 [INFO] [launch]: Default logging verbosity is set to INFO
1787105940.2120879 [INFO] [rl_controller_hardware-1]: process started with pid [4617]
1787105940.2125900 [INFO] [tilt_controller_hardware-2]: process started with pid [4619]
1787105944.0530922 [tilt_controller_hardware-2] [INFO] [1787105944.052453136] [tilt_controller_hardware]: Starting TiltHardware node...
1787106274.8866472 [tilt_controller_hardware-2] tilt angle is: 19.80 deg
1787106274.8877678 [tilt_controller_hardware-2] tilt angle is: 19.80 deg
1787106274.8879600 [tilt_controller_hardware-2] tilt angle is: 19.80 deg
1787106274.8881497 [tilt_controller_hardware-2] tilt angle is: 19.80 deg
1787106274.8883684 [tilt_controller_hardware-2] tilt angle is: 19.80 deg
1787106274.8892996 [tilt_controller_hardware-2] tilt angle is: 19.80 deg
1787106274.8897123 [tilt_controller_hardware-2] tilt angle is: 19.80 deg
1787106274.8899231 [tilt_controller_hardware-2] tilt angle is: 19.80 deg
1787106274.8900809 [tilt_controller_hardware-2] tilt angle is: 19.80 deg
1787106274.8902650 [tilt_controller_hardware-2] tilt angle is: 19.80 deg
1787106274.8904161 [tilt_controller_hardware-2] tilt angle is: 19.80 deg
1787106274.8905280 [tilt_controller_hardware-2] tilt angle is: 19.80 deg
1787106274.8906238 [tilt_controller_hardware-2] tilt angle is: 19.80 deg
1787106274.8907208 [tilt_controller_hardware-2] tilt angle is: 19.80 deg
1787106274.8908148 [tilt_controller_hardware-2] tilt angle is: 19.80 deg
1787106274.8909142 [tilt_controller_hardware-2] tilt angle is: 19.80 deg
1787106274.8910055 [tilt_controller_hardware-2] tilt angle is: 19.80 deg
1787106274.8910942 [tilt_controller_hardware-2] tilt angle is: 19.80 deg
1787106274.8911798 [tilt_controller_hardware-2] tilt angle is: 19.80 deg
1787106274.8912611 [tilt_controller_hardware-2] tilt angle is: 19.80 deg
1787106274.8913436 [tilt_controller_hardware-2] tilt angle is: 19.80 deg
1787106274.8914287 [tilt_controller_hardware-2] tilt angle is: 19.80 deg
1787106274.8921263 [tilt_controller_hardware-2] tilt angle is: 19.80 deg
1787106274.8925862 [tilt_controller_hardware-2] tilt angle is: 19.80 deg
1787106274.8927262 [tilt_controller_hardware-2] tilt angle is: 19.80 deg
1787106274.8928244 [tilt_controller_hardware-2] tilt angle is: 19.80 deg
1787106274.8929124 [tilt_controller_hardware-2] tilt angle is: 19.80 deg
1787106274.8929932 [tilt_controller_hardware-2] tilt angle is: 19.80 deg
1787106274.8930728 [tilt_controller_hardware-2] tilt angle is: 19.80 deg
1787106274.8931391 [tilt_controller_hardware-2] tilt angle is: 19.80 deg
1787106274.8932016 [tilt_controller_hardware-2] tilt angle is: 19.80 deg
1787106274.8932641 [tilt_controller_hardware-2] tilt angle is: 19.80 deg
1787106274.8933756 [tilt_controller_hardware-2] tilt angle is: 19.80 deg
1787106274.8934534 [tilt_controller_hardware-2] tilt angle is: 19.80 deg
1787106274.8935277 [tilt_controller_hardware-2] tilt angle is: 19.80 deg
1787106274.8935952 [tilt_controller_hardware-2] tilt angle is: 19.80 deg
1787106274.8936586 [tilt_controller_hardware-2] tilt angle is: 19.80 deg
1787106274.8937194 [tilt_controller_hardware-2] tilt angle is: 19.80 deg
1787106274.8937798 [tilt_controller_hardware-2] tilt angle is: 19.80 deg
1787106274.8938451 [tilt_controller_hardware-2] tilt angle is: 19.80 deg
1787106274.8939090 [tilt_controller_hardware-2] tilt angle is: 19.80 deg
1787106274.8939676 [tilt_controller_hardware-2] tilt angle is: 19.80 deg
1787106274.8940256 [tilt_controller_hardware-2] tilt angle is: 19.80 deg
1787106274.8940842 [tilt_controller_hardware-2] tilt angle is: 19.80 deg
1787106274.8941429 [tilt_controller_hardware-2] tilt angle is: 19.80 deg
1787106274.8942049 [tilt_controller_hardware-2] tilt angle is: 19.80 deg
1787106274.8942699 [tilt_controller_hardware-2] tilt angle is: 19.80 deg
1787106274.8943391 [tilt_controller_hardware-2] tilt angle is: 19.80 deg
1787106274.8944077 [tilt_controller_hardware-2] tilt angle is: 19.80 deg
1787106274.8944721 [tilt_controller_hardware-2] tilt angle is: 19.80 deg
1787106274.8946538 [tilt_controller_hardware-2] tilt angle is: 19.80 deg
1787106274.8947275 [tilt_controller_hardware-2] tilt angle is: 19.80 deg
1787106274.8947985 [tilt_controller_hardware-2] tilt angle is: 19.80 deg
1787106274.8948636 [tilt_controller_hardware-2] tilt angle is: 19.80 deg
1787106274.8949285 [tilt_controller_hardware-2] tilt angle is: 19.80 deg
1787106274.8949962 [tilt_controller_hardware-2] tilt angle is: 19.80 deg
1787106274.8950565 [tilt_controller_hardware-2] tilt angle is: 19.80 deg
1787106274.8951142 [tilt_controller_hardware-2] tilt angle is: 19.80 deg
1787106274.8951740 [tilt_controller_hardware-2] tilt angle is: 19.80 deg
1787106274.8952386 [tilt_controller_hardware-2] tilt angle is: 19.80 deg
1787106274.8953090 [tilt_controller_hardware-2] tilt angle is: 19.80 deg
1787106274.8953776 [tilt_controller_hardware-2] tilt angle is: 19.80 deg
1787106274.8954446 [tilt_controller_hardware-2] tilt angle is: 19.80 deg
1787106274.8955030 [tilt_controller_hardware-2] tilt angle is: 19.80 deg
1787106274.8955634 [tilt_controller_hardware-2] tilt angle is: 19.80 deg
1787106274.8956213 [tilt_controller_hardware-2] tilt angle is: 19.80 deg
1787106274.8956828 [tilt_controller_hardware-2] tilt angle is: 19.80 deg
1787106274.8957512 [tilt_controller_hardware-2] tilt angle is: 19.80 deg
1787106274.8958228 [tilt_controller_hardware-2] tilt angle is: 19.80 deg
1787106274.8958888 [tilt_controller_hardware-2] tilt angle is: 19.80 deg
1787106274.8959541 [tilt_controller_hardware-2] tilt angle is: 19.80 deg
1787106274.8960207 [tilt_controller_hardware-2] tilt angle is: 19.80 deg
1787106274.8960857 [tilt_controller_hardware-2] tilt angle is: 19.80 deg
1787106274.8961504 [tilt_controller_hardware-2] tilt angle is: 19.80 deg
1787106274.8962176 [tilt_controller_hardware-2] tilt angle is: 19.80 deg
1787106274.8962805 [tilt_controller_hardware-2] tilt angle is: 19.80 deg
1787106274.8963420 [tilt_controller_hardware-2] tilt angle is: 19.80 deg
1787106274.8964002 [tilt_controller_hardware-2] tilt angle is: 19.80 deg
1787106274.8964589 [tilt_controller_hardware-2] tilt angle is: 19.80 deg
1787106274.8965166 [tilt_controller_hardware-2] tilt angle is: 19.80 deg
1787106274.8965800 [tilt_controller_hardware-2] tilt angle is: 19.80 deg
1787106274.8966408 [tilt_controller_hardware-2] tilt angle is: 19.80 deg
1787106274.8966999 [tilt_controller_hardware-2] tilt angle is: 19.80 deg
1787106274.8968382 [tilt_controller_hardware-2] tilt angle is: 19.80 deg
1787106274.8969007 [tilt_controller_hardware-2] tilt angle is: 19.80 deg
1787106274.8969696 [tilt_controller_hardware-2] tilt angle is: 19.80 deg
1787106274.8970304 [tilt_controller_hardware-2] tilt angle is: 19.80 deg
1787106274.8970902 [tilt_controller_hardware-2] tilt angle is: 19.80 deg
1787106274.8971498 [tilt_controller_hardware-2] tilt angle is: 19.80 deg
1787106274.8972187 [tilt_controller_hardware-2] tilt angle is: 19.80 deg
1787106274.8972785 [tilt_controller_hardware-2] tilt angle is: 19.80 deg
1787106274.8973668 [tilt_controller_hardware-2] tilt angle is: 19.80 deg
1787106274.8974290 [tilt_controller_hardware-2] tilt angle is: 19.80 deg
1787106274.8974910 [tilt_controller_hardware-2] tilt angle is: 19.80 deg
1787106274.8975596 [tilt_controller_hardware-2] tilt angle is: 19.80 deg
1787106274.8976169 [tilt_controller_hardware-2] tilt angle is: 19.80 deg
1787106274.8976748 [tilt_controller_hardware-2] tilt angle is: 19.80 deg
1787106274.8977334 [tilt_controller_hardware-2] tilt angle is: 19.80 deg
1787106274.8977907 [tilt_controller_hardware-2] tilt angle is: 19.80 deg
1787106274.8978515 [tilt_controller_hardware-2] tilt angle is: 19.80 deg
1787106274.8979175 [tilt_controller_hardware-2] tilt angle is: 19.80 deg
1787106274.8979814 [tilt_controller_hardware-2] tilt angle is: 19.80 deg
1787106274.8980505 [tilt_controller_hardware-2] tilt angle is: 19.80 deg
1787106274.8981178 [tilt_controller_hardware-2] tilt angle is: 19.80 deg
1787106274.8981762 [tilt_controller_hardware-2] tilt angle is: 19.80 deg
1787106274.8982341 [tilt_controller_hardware-2] tilt angle is: 19.80 deg
1787106274.8983250 [tilt_controller_hardware-2] tilt angle is: 19.80 deg
1787106274.8983936 [tilt_controller_hardware-2] tilt angle is: 19.80 deg
1787106274.8984561 [tilt_controller_hardware-2] tilt angle is: 19.80 deg
1787106274.8985186 [tilt_controller_hardware-2] tilt angle is: 19.80 deg
1787106274.8985810 [tilt_controller_hardware-2] tilt angle is: 19.80 deg
1787106274.8986464 [tilt_controller_hardware-2] tilt angle is: 19.80 deg
1787106274.8987098 [tilt_controller_hardware-2] tilt angle is: 19.80 deg
1787106274.8987775 [tilt_controller_hardware-2] tilt angle is: 19.80 deg
1787106274.8988495 [tilt_controller_hardware-2] tilt angle is: 19.80 deg
1787106274.8989191 [tilt_controller_hardware-2] tilt angle is: 19.80 deg
1787106274.8989813 [tilt_controller_hardware-2] tilt angle is: 19.80 deg
1787106274.8990426 [tilt_controller_hardware-2] tilt angle is: 19.80 deg
1787106274.8991034 [tilt_controller_hardware-2] tilt angle is: 19.80 deg
1787106274.8991730 [tilt_controller_hardware-2] tilt angle is: 19.80 deg
1787106274.8992400 [tilt_controller_hardware-2] tilt angle is: 19.80 deg
1787106274.8993046 [tilt_controller_hardware-2] tilt angle is: 19.80 deg
1787106274.8993628 [tilt_controller_hardware-2] tilt angle is: 19.80 deg
1787106274.8994193 [tilt_controller_hardware-2] tilt angle is: 19.80 deg
1787106274.8994777 [tilt_controller_hardware-2] tilt angle is: 19.80 deg
1787106274.8995359 [tilt_controller_hardware-2] tilt angle is: 19.80 deg
1787106274.8995950 [tilt_controller_hardware-2] tilt angle is: 19.80 deg
1787106274.8996606 [tilt_controller_hardware-2] tilt angle is: 19.80 deg
1787106274.8997240 [tilt_controller_hardware-2] tilt angle is: 19.80 deg
1787106274.8997829 [tilt_controller_hardware-2] tilt angle is: 19.80 deg
1787106274.8998420 [tilt_controller_hardware-2] tilt angle is: 19.80 deg
1787106274.8999019 [tilt_controller_hardware-2] tilt angle is: 19.80 deg
1787106274.8999610 [tilt_controller_hardware-2] tilt angle is: 19.80 deg
1787106274.9000204 [tilt_controller_hardware-2] tilt angle is: 19.80 deg
1787106274.9000800 [tilt_controller_hardware-2] tilt angle is: 19.80 deg
1787106274.9001396 [tilt_controller_hardware-2] tilt angle is: 19.80 deg
1787106274.9001997 [tilt_controller_hardware-2] tilt angle is: 19.80 deg
1787106274.9002590 [tilt_controller_hardware-2] tilt angle is: 19.80 deg
1787106274.9003186 [tilt_controller_hardware-2] tilt angle is: 19.80 deg
1787106274.9003766 [tilt_controller_hardware-2] tilt angle is: 19.80 deg
1787106274.9004345 [tilt_controller_hardware-2] tilt angle is: 19.80 deg
1787106274.9004912 [tilt_controller_hardware-2] tilt angle is: 19.80 deg
1787106274.9005499 [tilt_controller_hardware-2] tilt angle is: 19.80 deg
1787106274.9006090 [tilt_controller_hardware-2] tilt angle is: 19.80 deg
1787106274.9006681 [tilt_controller_hardware-2] tilt angle is: 19.80 deg
1787106274.9007280 [tilt_controller_hardware-2] tilt angle is: 19.80 deg
1787106274.9007974 [tilt_controller_hardware-2] tilt angle is: 19.80 deg
1787106274.9008739 [tilt_controller_hardware-2] tilt angle is: 19.80 deg
1787106274.9009502 [tilt_controller_hardware-2] tilt angle is: 19.80 deg
1787106274.9010270 [tilt_controller_hardware-2] tilt angle is: 19.80 deg
1787106274.9011061 [tilt_controller_hardware-2] tilt angle is: 19.80 deg
1787106274.9011860 [tilt_controller_hardware-2] tilt angle is: 19.80 deg
1787106274.9012663 [tilt_controller_hardware-2] tilt angle is: 19.80 deg
1787106274.9013948 [tilt_controller_hardware-2] tilt angle is: 19.80 deg
1787106274.9014835 [tilt_controller_hardware-2] tilt angle is: 19.80 deg
1787106274.9015663 [tilt_controller_hardware-2] tilt angle is: 19.80 deg
1787106274.9016476 [tilt_controller_hardware-2] tilt angle is: 19.80 deg
1787106274.9017282 [tilt_controller_hardware-2] tilt angle is: 19.80 deg
1787106274.9018092 [tilt_controller_hardware-2] tilt angle is: 19.80 deg
1787106274.9018900 [tilt_controller_hardware-2] tilt angle is: 19.80 deg
1787106274.9019704 [tilt_controller_hardware-2] tilt angle is: 19.80 deg
1787106274.9020522 [tilt_controller_hardware-2] tilt angle is: 19.80 deg
1787106274.9021633 [tilt_controller_hardware-2] tilt angle is: 19.80 deg
1787106274.9022503 [tilt_controller_hardware-2] tilt angle is: 19.80 deg
1787106274.9023328 [tilt_controller_hardware-2] tilt angle is: 19.80 deg
1787106274.9024136 [tilt_controller_hardware-2] tilt angle is: 19.80 deg
1787106274.9024947 [tilt_controller_hardware-2] tilt angle is: 19.80 deg
1787106274.9025750 [tilt_controller_hardware-2] tilt angle is: 19.80 deg
1787106274.9026566 [tilt_controller_hardware-2] tilt angle is: 19.80 deg
1787106274.9027364 [tilt_controller_hardware-2] tilt angle is: 19.80 deg
1787106274.9028165 [tilt_controller_hardware-2] tilt angle is: 19.80 deg
1787106274.9028969 [tilt_controller_hardware-2] tilt angle is: 19.80 deg
1787106274.9029777 [tilt_controller_hardware-2] tilt angle is: 19.80 deg
1787106274.9030585 [tilt_controller_hardware-2] tilt angle is: 19.80 deg
1787106274.9031394 [tilt_controller_hardware-2] tilt angle is: 19.80 deg
1787106274.9032192 [tilt_controller_hardware-2] tilt angle is: 19.80 deg
1787106274.9032981 [tilt_controller_hardware-2] tilt angle is: 19.80 deg
1787106274.9033778 [tilt_controller_hardware-2] tilt angle is: 19.80 deg
1787106274.9034586 [tilt_controller_hardware-2] tilt angle is: 19.80 deg
1787106274.9035382 [tilt_controller_hardware-2] tilt angle is: 19.80 deg
1787106274.9036188 [tilt_controller_hardware-2] tilt angle is: 19.80 deg
1787106274.9036992 [tilt_controller_hardware-2] tilt angle is: 19.80 deg
1787106274.9037790 [tilt_controller_hardware-2] tilt angle is: 19.80 deg
1787106274.9038596 [tilt_controller_hardware-2] tilt angle is: 19.80 deg
1787106274.9039407 [tilt_controller_hardware-2] tilt angle is: 19.80 deg
1787106274.9040208 [tilt_controller_hardware-2] tilt angle is: 19.80 deg
1787106274.9041018 [tilt_controller_hardware-2] tilt angle is: 19.80 deg
1787106274.9041822 [tilt_controller_hardware-2] tilt angle is: 19.80 deg
1787106274.9042630 [tilt_controller_hardware-2] tilt angle is: 19.80 deg
1787106274.9043417 [tilt_controller_hardware-2] tilt angle is: 19.80 deg
1787106274.9044228 [tilt_controller_hardware-2] tilt angle is: 19.80 deg
1787106274.9045036 [tilt_controller_hardware-2] tilt angle is: 19.80 deg
1787106274.9045839 [tilt_controller_hardware-2] tilt angle is: 19.80 deg
1787106274.9046638 [tilt_controller_hardware-2] tilt angle is: 19.80 deg
1787106274.9047451 [tilt_controller_hardware-2] tilt angle is: 19.80 deg
1787106274.9048264 [tilt_controller_hardware-2] tilt angle is: 19.80 deg
1787106274.9049079 [tilt_controller_hardware-2] tilt angle is: 19.80 deg
1787106274.9049890 [tilt_controller_hardware-2] tilt angle is: 19.80 deg
1787106274.9050691 [tilt_controller_hardware-2] tilt angle is: 19.80 deg
1787106274.9051495 [tilt_controller_hardware-2] tilt angle is: 19.80 deg
1787106274.9052300 [tilt_controller_hardware-2] tilt angle is: 19.80 deg
1787106274.9053690 [tilt_controller_hardware-2] tilt angle is: 19.80 deg
1787106274.9054725 [tilt_controller_hardware-2] tilt angle is: 19.80 deg
1787106274.9055610 [tilt_controller_hardware-2] tilt angle is: 19.80 deg
1787106274.9056454 [tilt_controller_hardware-2] tilt angle is: 19.80 deg
1787106274.9057293 [tilt_controller_hardware-2] tilt angle is: 19.80 deg
1787106274.9058118 [tilt_controller_hardware-2] tilt angle is: 19.80 deg
1787106274.9058928 [tilt_controller_hardware-2] tilt angle is: 19.80 deg
1787106274.9059751 [tilt_controller_hardware-2] tilt angle is: 19.80 deg
1787106274.9060547 [tilt_controller_hardware-2] tilt angle is: 19.80 deg
1787106274.9061346 [tilt_controller_hardware-2] tilt angle is: 19.80 deg
1787106274.9062171 [tilt_controller_hardware-2] tilt angle is: 19.80 deg
1787106274.9062982 [tilt_controller_hardware-2] tilt angle is: 19.80 deg
1787106274.9063799 [tilt_controller_hardware-2] tilt angle is: 19.80 deg
1787106274.9064615 [tilt_controller_hardware-2] tilt angle is: 19.80 deg
1787106274.9065425 [tilt_controller_hardware-2] tilt angle is: 19.80 deg
1787106274.9066243 [tilt_controller_hardware-2] tilt angle is: 19.80 deg
1787106274.9067059 [tilt_controller_hardware-2] tilt angle is: 19.80 deg
1787106274.9068165 [tilt_controller_hardware-2] tilt angle is: 19.80 deg
1787106274.9069064 [tilt_controller_hardware-2] tilt angle is: 19.80 deg
1787106274.9069910 [tilt_controller_hardware-2] tilt angle is: 19.80 deg
1787106274.9070742 [tilt_controller_hardware-2] tilt angle is: 19.80 deg
1787106274.9071631 [tilt_controller_hardware-2] tilt angle is: 19.80 deg
1787106274.9072490 [tilt_controller_hardware-2] tilt angle is: 19.80 deg
1787106274.9073341 [tilt_controller_hardware-2] tilt angle is: 19.80 deg
1787106274.9074214 [tilt_controller_hardware-2] tilt angle is: 19.80 deg
1787106274.9075024 [tilt_controller_hardware-2] tilt angle is: 19.80 deg
1787106274.9075818 [tilt_controller_hardware-2] tilt angle is: 19.80 deg
1787106274.9076605 [tilt_controller_hardware-2] tilt angle is: 19.80 deg
1787106274.9077435 [tilt_controller_hardware-2] tilt angle is: 19.80 deg
1787106274.9078274 [tilt_controller_hardware-2] tilt angle is: 19.80 deg
1787106274.9079163 [tilt_controller_hardware-2] tilt angle is: 19.80 deg
1787106274.9080002 [tilt_controller_hardware-2] tilt angle is: 19.80 deg
1787106274.9080877 [tilt_controller_hardware-2] tilt angle is: 19.80 deg
1787106274.9081738 [tilt_controller_hardware-2] tilt angle is: 19.80 deg
1787106274.9082592 [tilt_controller_hardware-2] tilt angle is: 19.80 deg
1787106274.9083436 [tilt_controller_hardware-2] tilt angle is: 19.80 deg
1787106274.9084246 [tilt_controller_hardware-2] tilt angle is: 19.80 deg
1787106274.9085038 [tilt_controller_hardware-2] tilt angle is: 19.80 deg
1787106274.9085813 [tilt_controller_hardware-2] tilt angle is: 19.80 deg
1787106274.9086616 [tilt_controller_hardware-2] tilt angle is: 19.80 deg
1787106274.9087484 [tilt_controller_hardware-2] tilt angle is: 19.80 deg
1787106274.9088342 [tilt_controller_hardware-2] tilt angle is: 19.80 deg
1787106274.9089191 [tilt_controller_hardware-2] tilt angle is: 19.80 deg
1787106274.9090059 [tilt_controller_hardware-2] tilt angle is: 19.80 deg
1787106274.9090910 [tilt_controller_hardware-2] tilt angle is: 19.80 deg
1787106274.9091756 [tilt_controller_hardware-2] tilt angle is: 19.80 deg
1787106274.9092619 [tilt_controller_hardware-2] tilt angle is: 19.80 deg
1787106274.9093843 [tilt_controller_hardware-2] tilt angle is: 19.80 deg
1787106274.9094815 [tilt_controller_hardware-2] tilt angle is: 19.80 deg
1787106274.9095767 [tilt_controller_hardware-2] tilt angle is: 19.80 deg
1787106274.9096730 [tilt_controller_hardware-2] tilt angle is: 19.80 deg
1787106274.9097655 [tilt_controller_hardware-2] tilt angle is: 19.80 deg
1787106274.9098604 [tilt_controller_hardware-2] tilt angle is: 19.80 deg
1787106274.9099500 [tilt_controller_hardware-2] tilt angle is: 19.80 deg
1787106274.9100366 [tilt_controller_hardware-2] tilt angle is: 19.80 deg
1787106274.9101226 [tilt_controller_hardware-2] tilt angle is: 19.80 deg
1787106274.9102089 [tilt_controller_hardware-2] tilt angle is: 19.80 deg
1787106274.9102931 [tilt_controller_hardware-2] tilt angle is: 19.80 deg
1787106274.9103787 [tilt_controller_hardware-2] tilt angle is: 19.80 deg
1787106274.9104702 [tilt_controller_hardware-2] tilt angle is: 19.80 deg
1787106274.9105594 [tilt_controller_hardware-2] tilt angle is: 19.80 deg
1787106274.9106503 [tilt_controller_hardware-2] tilt angle is: 19.80 deg
1787106274.9107411 [tilt_controller_hardware-2] tilt angle is: 19.80 deg
1787106274.9108334 [tilt_controller_hardware-2] tilt angle is: 19.80 deg
1787106274.9109261 [tilt_controller_hardware-2] tilt angle is: 19.80 deg
1787106274.9110126 [tilt_controller_hardware-2] tilt angle is: 19.80 deg
1787106274.9111011 [tilt_controller_hardware-2] tilt angle is: 19.80 deg
1787106274.9111898 [tilt_controller_hardware-2] tilt angle is: 19.80 deg
1787106274.9112811 [tilt_controller_hardware-2] tilt angle is: 19.80 deg
1787106274.9113698 [tilt_controller_hardware-2] tilt angle is: 19.80 deg
1787106274.9114633 [tilt_controller_hardware-2] tilt angle is: 19.80 deg
1787106274.9115529 [tilt_controller_hardware-2] tilt angle is: 19.80 deg
1787106274.9116428 [tilt_controller_hardware-2] tilt angle is: 19.80 deg
1787106274.9118013 [tilt_controller_hardware-2] tilt angle is: 19.80 deg
1787106274.9118938 [tilt_controller_hardware-2] tilt angle is: 19.80 deg
1787106274.9119759 [tilt_controller_hardware-2] tilt angle is: 19.80 deg
1787106274.9120555 [tilt_controller_hardware-2] tilt angle is: 19.80 deg
1787106274.9121349 [tilt_controller_hardware-2] tilt angle is: 19.80 deg
1787106274.9122181 [tilt_controller_hardware-2] tilt angle is: 19.80 deg
1787106274.9122996 [tilt_controller_hardware-2] tilt angle is: 19.80 deg
1787106274.9123824 [tilt_controller_hardware-2] tilt angle is: 19.80 deg
1787106274.9124665 [tilt_controller_hardware-2] tilt angle is: 19.80 deg
1787106274.9125502 [tilt_controller_hardware-2] tilt angle is: 19.80 deg
1787106274.9126382 [tilt_controller_hardware-2] tilt angle is: 19.80 deg
1787106274.9127219 [tilt_controller_hardware-2] tilt angle is: 19.80 deg
1787106274.9128017 [tilt_controller_hardware-2] tilt angle is: 19.80 deg
1787106274.9128790 [tilt_controller_hardware-2] tilt angle is: 19.80 deg
1787106274.9129641 [tilt_controller_hardware-2] tilt angle is: 19.80 deg
1787106274.9130456 [tilt_controller_hardware-2] tilt angle is: 19.80 deg
1787106274.9131274 [tilt_controller_hardware-2] tilt angle is: 19.80 deg
1787106274.9132080 [tilt_controller_hardware-2] tilt angle is: 19.80 deg
1787106274.9132910 [tilt_controller_hardware-2] tilt angle is: 19.80 deg
1787106274.9134214 [tilt_controller_hardware-2] tilt angle is: 19.80 deg
1787106274.9135087 [tilt_controller_hardware-2] tilt angle is: 19.80 deg
1787106274.9135964 [tilt_controller_hardware-2] tilt angle is: 19.80 deg
1787106274.9136796 [tilt_controller_hardware-2] tilt angle is: 19.80 deg
1787106274.9137642 [tilt_controller_hardware-2] tilt angle is: 19.80 deg
1787106274.9138541 [tilt_controller_hardware-2] tilt angle is: 19.80 deg
1787106274.9139404 [tilt_controller_hardware-2] tilt angle is: 19.80 deg
1787106274.9140284 [tilt_controller_hardware-2] tilt angle is: 19.80 deg
1787106274.9141164 [tilt_controller_hardware-2] tilt angle is: 19.80 deg
1787106274.9141998 [tilt_controller_hardware-2] tilt angle is: 19.80 deg
1787106274.9142830 [tilt_controller_hardware-2] tilt angle is: 19.80 deg
1787106274.9143672 [tilt_controller_hardware-2] tilt angle is: 19.80 deg
1787106274.9144549 [tilt_controller_hardware-2] tilt angle is: 19.80 deg
1787106274.9145470 [tilt_controller_hardware-2] tilt angle is: 19.80 deg
1787106274.9146366 [tilt_controller_hardware-2] tilt angle is: 19.80 deg
1787106274.9147241 [tilt_controller_hardware-2] tilt angle is: 19.80 deg
1787106274.9148149 [tilt_controller_hardware-2] tilt angle is: 19.80 deg
1787106274.9149044 [tilt_controller_hardware-2] tilt angle is: 19.80 deg
1787106274.9149959 [tilt_controller_hardware-2] tilt angle is: 19.80 deg
1787106274.9150839 [tilt_controller_hardware-2] tilt angle is: 19.80 deg
1787106274.9151728 [tilt_controller_hardware-2] tilt angle is: 19.80 deg
1787106274.9152610 [tilt_controller_hardware-2] tilt angle is: 19.80 deg
1787106274.9153504 [tilt_controller_hardware-2] tilt angle is: 19.80 deg
1787106274.9154432 [tilt_controller_hardware-2] tilt angle is: 19.80 deg
1787106274.9155366 [tilt_controller_hardware-2] tilt angle is: 19.80 deg
1787106274.9156272 [tilt_controller_hardware-2] tilt angle is: 19.80 deg
1787106274.9157147 [tilt_controller_hardware-2] tilt angle is: 19.80 deg
1787106274.9158044 [tilt_controller_hardware-2] tilt angle is: 19.80 deg
1787106274.9158940 [tilt_controller_hardware-2] tilt angle is: 19.80 deg
1787106274.9159846 [tilt_controller_hardware-2] tilt angle is: 19.80 deg
1787106274.9160724 [tilt_controller_hardware-2] tilt angle is: 19.80 deg
1787106274.9161608 [tilt_controller_hardware-2] tilt angle is: 19.80 deg
1787106274.9162505 [tilt_controller_hardware-2] tilt angle is: 19.80 deg
1787106274.9163411 [tilt_controller_hardware-2] tilt angle is: 19.80 deg
