1787109904.1251659 [INFO] [launch]: All log files can be found below /home/m4/.ros/log/2026-08-18-20-25-04-122586-m4-8580
1787109904.1258302 [INFO] [launch]: Default logging verbosity is set to INFO
1787109904.2438402 [INFO] [rl_controller_hardware-1]: process started with pid [8632]
1787109904.2446151 [INFO] [tilt_controller_hardware-2]: process started with pid [8634]
1787109908.0993345 [tilt_controller_hardware-2] [INFO] [1787109908.098717266] [tilt_controller_hardware]: Starting TiltHardware node...
1787110251.3272555 [tilt_controller_hardware-2] tilt angle is: 0.00 deg
1787110251.3278587 [tilt_controller_hardware-2] tilt angle is: 0.00 deg
1787110251.3280602 [tilt_controller_hardware-2] tilt angle is: 0.00 deg
1787110251.3282177 [tilt_controller_hardware-2] tilt angle is: 0.00 deg
1787110251.3283548 [tilt_controller_hardware-2] tilt angle is: 0.00 deg
1787110251.3285227 [tilt_controller_hardware-2] tilt angle is: 0.00 deg
1787110251.3287833 [tilt_controller_hardware-2] tilt angle is: 0.00 deg
1787110251.3289976 [tilt_controller_hardware-2] tilt angle is: 0.00 deg
1787110251.3292034 [tilt_controller_hardware-2] tilt angle is: 0.00 deg
1787110251.3294070 [tilt_controller_hardware-2] tilt angle is: 0.00 deg
1787110251.3296127 [tilt_controller_hardware-2] tilt angle is: 0.00 deg
1787110251.3298135 [tilt_controller_hardware-2] tilt angle is: 0.00 deg
1787110251.3300188 [tilt_controller_hardware-2] tilt angle is: 0.00 deg
1787110251.3302159 [tilt_controller_hardware-2] tilt angle is: 0.00 deg
1787110251.3304520 [tilt_controller_hardware-2] tilt angle is: 0.00 deg
1787110251.3306530 [tilt_controller_hardware-2] tilt angle is: 0.00 deg
1787110251.3308296 [tilt_controller_hardware-2] tilt angle is: 0.00 deg
1787110251.3309464 [tilt_controller_hardware-2] tilt angle is: 0.00 deg
1787110251.3310561 [tilt_controller_hardware-2] tilt angle is: 0.00 deg
1787110251.3311605 [tilt_controller_hardware-2] tilt angle is: 0.00 deg
1787110251.3312635 [tilt_controller_hardware-2] tilt angle is: 0.00 deg
1787110251.3313696 [tilt_controller_hardware-2] tilt angle is: 0.00 deg
1787110251.3314736 [tilt_controller_hardware-2] tilt angle is: 0.00 deg
1787110251.3315799 [tilt_controller_hardware-2] tilt angle is: 0.00 deg
1787110251.3316846 [tilt_controller_hardware-2] tilt angle is: 0.00 deg
1787110251.3317890 [tilt_controller_hardware-2] tilt angle is: 0.00 deg
1787110251.3319411 [tilt_controller_hardware-2] tilt angle is: 0.00 deg
1787110251.3321095 [tilt_controller_hardware-2] tilt angle is: 0.00 deg
1787110251.3323197 [tilt_controller_hardware-2] tilt angle is: 0.00 deg
1787110251.3325593 [tilt_controller_hardware-2] tilt angle is: 0.00 deg
1787110251.3327169 [tilt_controller_hardware-2] tilt angle is: 0.00 deg
1787110251.3329449 [tilt_controller_hardware-2] tilt angle is: 0.00 deg
1787110251.3332169 [tilt_controller_hardware-2] tilt angle is: 0.00 deg
1787110251.3334787 [tilt_controller_hardware-2] tilt angle is: 0.00 deg
1787110251.3336539 [tilt_controller_hardware-2] tilt angle is: 0.00 deg
1787110251.3338153 [tilt_controller_hardware-2] tilt angle is: 0.00 deg
1787110251.3340147 [tilt_controller_hardware-2] tilt angle is: 0.00 deg
1787110251.3341825 [tilt_controller_hardware-2] tilt angle is: 0.00 deg
1787110251.3343015 [tilt_controller_hardware-2] tilt angle is: 0.00 deg
1787110251.3344126 [tilt_controller_hardware-2] tilt angle is: 0.00 deg
1787110251.3345978 [tilt_controller_hardware-2] tilt angle is: 0.00 deg
1787110251.3347199 [tilt_controller_hardware-2] tilt angle is: 0.00 deg
1787110251.3348286 [tilt_controller_hardware-2] tilt angle is: 0.00 deg
1787110251.3349373 [tilt_controller_hardware-2] tilt angle is: 0.00 deg
1787110251.3350458 [tilt_controller_hardware-2] tilt angle is: 0.00 deg
1787110251.3352735 [tilt_controller_hardware-2] tilt angle is: 0.00 deg
1787110251.3354378 [tilt_controller_hardware-2] tilt angle is: 0.00 deg
1787110251.3355558 [tilt_controller_hardware-2] tilt angle is: 0.00 deg
1787110251.3356631 [tilt_controller_hardware-2] tilt angle is: 0.00 deg
1787110251.3357697 [tilt_controller_hardware-2] tilt angle is: 0.00 deg
1787110251.3362656 [tilt_controller_hardware-2] tilt angle is: 0.00 deg
1787110251.3364022 [tilt_controller_hardware-2] tilt angle is: 0.00 deg
1787110251.3365126 [tilt_controller_hardware-2] tilt angle is: 0.00 deg
1787110251.3366752 [tilt_controller_hardware-2] tilt angle is: 0.00 deg
1787110251.3367877 [tilt_controller_hardware-2] tilt angle is: 0.00 deg
1787110251.3368931 [tilt_controller_hardware-2] tilt angle is: 0.00 deg
1787110251.3369949 [tilt_controller_hardware-2] tilt angle is: 0.00 deg
1787110251.3371501 [tilt_controller_hardware-2] tilt angle is: 0.00 deg
1787110251.3373573 [tilt_controller_hardware-2] tilt angle is: 0.00 deg
1787110251.3377688 [tilt_controller_hardware-2] tilt angle is: 0.00 deg
1787110251.3379023 [tilt_controller_hardware-2] tilt angle is: 0.00 deg
1787110251.3380163 [tilt_controller_hardware-2] tilt angle is: 0.00 deg
1787110251.3381238 [tilt_controller_hardware-2] tilt angle is: 0.00 deg
1787110251.3382931 [tilt_controller_hardware-2] tilt angle is: 0.00 deg
1787110251.3384492 [tilt_controller_hardware-2] tilt angle is: 0.00 deg
1787110251.3386416 [tilt_controller_hardware-2] tilt angle is: 0.00 deg
1787110251.3388517 [tilt_controller_hardware-2] tilt angle is: 0.00 deg
1787110251.3390512 [tilt_controller_hardware-2] tilt angle is: 0.00 deg
1787110251.3392138 [tilt_controller_hardware-2] tilt angle is: 0.00 deg
1787110251.3394151 [tilt_controller_hardware-2] tilt angle is: 0.00 deg
1787110251.3396120 [tilt_controller_hardware-2] tilt angle is: 0.00 deg
1787110251.3398190 [tilt_controller_hardware-2] tilt angle is: 0.00 deg
1787110251.3400271 [tilt_controller_hardware-2] tilt angle is: 0.00 deg
1787110251.3402305 [tilt_controller_hardware-2] tilt angle is: 0.00 deg
1787110251.3404362 [tilt_controller_hardware-2] tilt angle is: 0.00 deg
1787110251.3406787 [tilt_controller_hardware-2] tilt angle is: 0.00 deg
1787110251.3407979 [tilt_controller_hardware-2] tilt angle is: 0.00 deg
1787110251.3409069 [tilt_controller_hardware-2] tilt angle is: 0.00 deg
1787110251.3410115 [tilt_controller_hardware-2] tilt angle is: 0.00 deg
1787110251.3411188 [tilt_controller_hardware-2] tilt angle is: 0.00 deg
1787110251.3412182 [tilt_controller_hardware-2] tilt angle is: 0.00 deg
1787110251.3413169 [tilt_controller_hardware-2] tilt angle is: 0.00 deg
1787110251.3414149 [tilt_controller_hardware-2] tilt angle is: 0.00 deg
1787110251.3415127 [tilt_controller_hardware-2] tilt angle is: 0.00 deg
1787110251.3416102 [tilt_controller_hardware-2] tilt angle is: 0.00 deg
1787110251.3417089 [tilt_controller_hardware-2] tilt angle is: 0.00 deg
1787110251.3418407 [tilt_controller_hardware-2] tilt angle is: 0.00 deg
1787110251.3420134 [tilt_controller_hardware-2] tilt angle is: 0.00 deg
1787110251.3422089 [tilt_controller_hardware-2] tilt angle is: 0.00 deg
1787110251.3424394 [tilt_controller_hardware-2] tilt angle is: 0.00 deg
1787110251.3426514 [tilt_controller_hardware-2] tilt angle is: 0.00 deg
1787110251.3428028 [tilt_controller_hardware-2] tilt angle is: 0.00 deg
1787110251.3429599 [tilt_controller_hardware-2] tilt angle is: 0.00 deg
1787110251.3432510 [tilt_controller_hardware-2] tilt angle is: 0.00 deg
1787110251.3434508 [tilt_controller_hardware-2] tilt angle is: 0.00 deg
1787110251.3436480 [tilt_controller_hardware-2] tilt angle is: 0.00 deg
1787110251.3438404 [tilt_controller_hardware-2] tilt angle is: 0.00 deg
1787110251.3440328 [tilt_controller_hardware-2] tilt angle is: 0.00 deg
1787110251.3441446 [tilt_controller_hardware-2] tilt angle is: 0.00 deg
1787110251.3442502 [tilt_controller_hardware-2] tilt angle is: 0.00 deg
1787110251.3443515 [tilt_controller_hardware-2] tilt angle is: 0.00 deg
1787110251.3444519 [tilt_controller_hardware-2] tilt angle is: 0.00 deg
1787110251.3445520 [tilt_controller_hardware-2] tilt angle is: 0.00 deg
1787110251.3446500 [tilt_controller_hardware-2] tilt angle is: 0.00 deg
1787110251.3447492 [tilt_controller_hardware-2] tilt angle is: 0.00 deg
1787110251.3448477 [tilt_controller_hardware-2] tilt angle is: 0.00 deg
1787110251.3451369 [tilt_controller_hardware-2] tilt angle is: 0.00 deg
1787110251.3452978 [tilt_controller_hardware-2] tilt angle is: 0.00 deg
1787110251.3454740 [tilt_controller_hardware-2] tilt angle is: 0.00 deg
1787110251.3456776 [tilt_controller_hardware-2] tilt angle is: 0.00 deg
1787110251.3458326 [tilt_controller_hardware-2] tilt angle is: 0.00 deg
1787110251.3459444 [tilt_controller_hardware-2] tilt angle is: 0.00 deg
1787110251.3461518 [tilt_controller_hardware-2] tilt angle is: 0.00 deg
1787110251.3463583 [tilt_controller_hardware-2] tilt angle is: 0.00 deg
1787110251.3464830 [tilt_controller_hardware-2] tilt angle is: 0.00 deg
1787110251.3466213 [tilt_controller_hardware-2] tilt angle is: 0.00 deg
1787110251.3467293 [tilt_controller_hardware-2] tilt angle is: 0.00 deg
1787110251.3469017 [tilt_controller_hardware-2] tilt angle is: 0.00 deg
1787110251.3471022 [tilt_controller_hardware-2] tilt angle is: 0.00 deg
1787110251.3472888 [tilt_controller_hardware-2] tilt angle is: 0.00 deg
1787110251.3473997 [tilt_controller_hardware-2] tilt angle is: 0.00 deg
1787110251.3475051 [tilt_controller_hardware-2] tilt angle is: 0.00 deg
1787110251.3476071 [tilt_controller_hardware-2] tilt angle is: 0.00 deg
1787110251.3477306 [tilt_controller_hardware-2] tilt angle is: 0.00 deg
1787110251.3478832 [tilt_controller_hardware-2] tilt angle is: 0.00 deg
1787110251.3479891 [tilt_controller_hardware-2] tilt angle is: 0.00 deg
1787110251.3480909 [tilt_controller_hardware-2] tilt angle is: 0.00 deg
1787110251.3482881 [tilt_controller_hardware-2] tilt angle is: 0.00 deg
1787110251.3483992 [tilt_controller_hardware-2] tilt angle is: 0.00 deg
1787110251.3485017 [tilt_controller_hardware-2] tilt angle is: 0.00 deg
1787110251.3486018 [tilt_controller_hardware-2] tilt angle is: 0.00 deg
1787110251.3487017 [tilt_controller_hardware-2] tilt angle is: 0.00 deg
1787110251.3488002 [tilt_controller_hardware-2] tilt angle is: 0.00 deg
1787110251.3488994 [tilt_controller_hardware-2] tilt angle is: 0.00 deg
1787110251.3490403 [tilt_controller_hardware-2] tilt angle is: 0.00 deg
1787110251.3491974 [tilt_controller_hardware-2] tilt angle is: 0.00 deg
1787110251.3493421 [tilt_controller_hardware-2] tilt angle is: 0.00 deg
1787110251.3494463 [tilt_controller_hardware-2] tilt angle is: 0.00 deg
1787110251.3495491 [tilt_controller_hardware-2] tilt angle is: 0.00 deg
1787110251.3496492 [tilt_controller_hardware-2] tilt angle is: 0.00 deg
1787110251.3497481 [tilt_controller_hardware-2] tilt angle is: 0.00 deg
1787110251.3498991 [tilt_controller_hardware-2] tilt angle is: 0.00 deg
1787110251.3500943 [tilt_controller_hardware-2] tilt angle is: 0.00 deg
1787110251.3503213 [tilt_controller_hardware-2] tilt angle is: 0.00 deg
1787110251.3504782 [tilt_controller_hardware-2] tilt angle is: 0.00 deg
1787110251.3507011 [tilt_controller_hardware-2] tilt angle is: 0.00 deg
1787110251.3508146 [tilt_controller_hardware-2] tilt angle is: 0.00 deg
1787110251.3509266 [tilt_controller_hardware-2] tilt angle is: 0.00 deg
1787110251.3510287 [tilt_controller_hardware-2] tilt angle is: 0.00 deg
1787110251.3511288 [tilt_controller_hardware-2] tilt angle is: 0.00 deg
1787110251.3512273 [tilt_controller_hardware-2] tilt angle is: 0.00 deg
1787110251.3513260 [tilt_controller_hardware-2] tilt angle is: 0.00 deg
1787110251.3514242 [tilt_controller_hardware-2] tilt angle is: 0.00 deg
1787110251.3515215 [tilt_controller_hardware-2] tilt angle is: 0.00 deg
1787110251.3516185 [tilt_controller_hardware-2] tilt angle is: 0.00 deg
1787110251.3517141 [tilt_controller_hardware-2] tilt angle is: 0.00 deg
1787110251.3519039 [tilt_controller_hardware-2] tilt angle is: 0.00 deg
1787110251.3520968 [tilt_controller_hardware-2] tilt angle is: 0.00 deg
1787110251.3522909 [tilt_controller_hardware-2] tilt angle is: 0.00 deg
1787110251.3524816 [tilt_controller_hardware-2] tilt angle is: 0.00 deg
1787110251.3526680 [tilt_controller_hardware-2] tilt angle is: 0.00 deg
1787110251.3528709 [tilt_controller_hardware-2] tilt angle is: 0.00 deg
1787110251.3531110 [tilt_controller_hardware-2] tilt angle is: 0.00 deg
1787110251.3533113 [tilt_controller_hardware-2] tilt angle is: 0.00 deg
1787110251.3535867 [tilt_controller_hardware-2] tilt angle is: 0.00 deg
1787110251.3537900 [tilt_controller_hardware-2] tilt angle is: 0.00 deg
1787110251.3539886 [tilt_controller_hardware-2] tilt angle is: 0.00 deg
1787110251.3541059 [tilt_controller_hardware-2] tilt angle is: 0.00 deg
1787110251.3542142 [tilt_controller_hardware-2] tilt angle is: 0.00 deg
1787110251.3543177 [tilt_controller_hardware-2] tilt angle is: 0.00 deg
1787110251.3544188 [tilt_controller_hardware-2] tilt angle is: 0.00 deg
1787110251.3545403 [tilt_controller_hardware-2] tilt angle is: 0.00 deg
1787110251.3546517 [tilt_controller_hardware-2] tilt angle is: 0.00 deg
1787110251.3547535 [tilt_controller_hardware-2] tilt angle is: 0.00 deg
1787110251.3550456 [tilt_controller_hardware-2] tilt angle is: 0.00 deg
1787110251.3552108 [tilt_controller_hardware-2] tilt angle is: 0.00 deg
1787110251.3553751 [tilt_controller_hardware-2] tilt angle is: 0.00 deg
1787110251.3555801 [tilt_controller_hardware-2] tilt angle is: 0.00 deg
1787110251.3558764 [tilt_controller_hardware-2] tilt angle is: 0.00 deg
1787110251.3560841 [tilt_controller_hardware-2] tilt angle is: 0.00 deg
1787110251.3562031 [tilt_controller_hardware-2] tilt angle is: 0.00 deg
1787110251.3564007 [tilt_controller_hardware-2] tilt angle is: 0.00 deg
1787110251.3565662 [tilt_controller_hardware-2] tilt angle is: 0.00 deg
1787110251.3567278 [tilt_controller_hardware-2] tilt angle is: 0.00 deg
1787110251.3569643 [tilt_controller_hardware-2] tilt angle is: 0.00 deg
1787110251.3571589 [tilt_controller_hardware-2] tilt angle is: 0.00 deg
1787110251.3573222 [tilt_controller_hardware-2] tilt angle is: 0.00 deg
1787110251.3574803 [tilt_controller_hardware-2] tilt angle is: 0.00 deg
1787110251.3575897 [tilt_controller_hardware-2] tilt angle is: 0.00 deg
1787110251.3576944 [tilt_controller_hardware-2] tilt angle is: 0.00 deg
1787110251.3577964 [tilt_controller_hardware-2] tilt angle is: 0.00 deg
1787110251.3578975 [tilt_controller_hardware-2] tilt angle is: 0.00 deg
1787110251.3579984 [tilt_controller_hardware-2] tilt angle is: 0.00 deg
1787110251.3580976 [tilt_controller_hardware-2] tilt angle is: 0.00 deg
1787110251.3581967 [tilt_controller_hardware-2] tilt angle is: 0.00 deg
1787110251.3582959 [tilt_controller_hardware-2] tilt angle is: 0.00 deg
1787110251.3583951 [tilt_controller_hardware-2] tilt angle is: 0.00 deg
1787110251.3584938 [tilt_controller_hardware-2] tilt angle is: 0.00 deg
1787110251.3587251 [tilt_controller_hardware-2] tilt angle is: 0.00 deg
1787110251.3589199 [tilt_controller_hardware-2] tilt angle is: 0.00 deg
1787110251.3590717 [tilt_controller_hardware-2] tilt angle is: 0.00 deg
1787110251.3591795 [tilt_controller_hardware-2] tilt angle is: 0.00 deg
1787110251.3592825 [tilt_controller_hardware-2] tilt angle is: 0.00 deg
1787110251.3593836 [tilt_controller_hardware-2] tilt angle is: 0.00 deg
1787110251.3594835 [tilt_controller_hardware-2] tilt angle is: 0.00 deg
1787110251.3595824 [tilt_controller_hardware-2] tilt angle is: 0.00 deg
1787110251.3596814 [tilt_controller_hardware-2] tilt angle is: 0.00 deg
1787110251.3597803 [tilt_controller_hardware-2] tilt angle is: 0.00 deg
1787110251.3598800 [tilt_controller_hardware-2] tilt angle is: 0.00 deg
1787110251.3599792 [tilt_controller_hardware-2] tilt angle is: 0.00 deg
1787110251.3600791 [tilt_controller_hardware-2] tilt angle is: 0.00 deg
1787110251.3601775 [tilt_controller_hardware-2] tilt angle is: 0.00 deg
1787110251.3602760 [tilt_controller_hardware-2] tilt angle is: 0.00 deg
1787110251.3603747 [tilt_controller_hardware-2] tilt angle is: 0.00 deg
1787110251.3605251 [tilt_controller_hardware-2] tilt angle is: 0.00 deg
1787110251.3606846 [tilt_controller_hardware-2] tilt angle is: 0.00 deg
1787110251.3607922 [tilt_controller_hardware-2] tilt angle is: 0.00 deg
1787110251.3608947 [tilt_controller_hardware-2] tilt angle is: 0.00 deg
1787110251.3609958 [tilt_controller_hardware-2] tilt angle is: 0.00 deg
1787110251.3610952 [tilt_controller_hardware-2] tilt angle is: 0.00 deg
1787110251.3611941 [tilt_controller_hardware-2] tilt angle is: 0.00 deg
1787110251.3613336 [tilt_controller_hardware-2] tilt angle is: 0.00 deg
1787110251.3614447 [tilt_controller_hardware-2] tilt angle is: 0.00 deg
1787110251.3615463 [tilt_controller_hardware-2] tilt angle is: 0.00 deg
1787110251.3616469 [tilt_controller_hardware-2] tilt angle is: 0.00 deg
1787110251.3617473 [tilt_controller_hardware-2] tilt angle is: 0.00 deg
1787110251.3618901 [tilt_controller_hardware-2] tilt angle is: 0.00 deg
1787110251.3619936 [tilt_controller_hardware-2] tilt angle is: 0.00 deg
1787110251.3620968 [tilt_controller_hardware-2] tilt angle is: 0.00 deg
1787110251.3621969 [tilt_controller_hardware-2] tilt angle is: 0.00 deg
1787110251.3622963 [tilt_controller_hardware-2] tilt angle is: 0.00 deg
1787110251.3624969 [tilt_controller_hardware-2] tilt angle is: 0.00 deg
1787110251.3627315 [tilt_controller_hardware-2] tilt angle is: 0.00 deg
1787110251.3629222 [tilt_controller_hardware-2] tilt angle is: 0.00 deg
1787110251.3631690 [tilt_controller_hardware-2] tilt angle is: 0.00 deg
1787110251.3634210 [tilt_controller_hardware-2] tilt angle is: 0.00 deg
1787110251.3636112 [tilt_controller_hardware-2] tilt angle is: 0.00 deg
1787110251.3638058 [tilt_controller_hardware-2] tilt angle is: 0.00 deg
1787110251.3639965 [tilt_controller_hardware-2] tilt angle is: 0.00 deg
1787110251.3641069 [tilt_controller_hardware-2] tilt angle is: 0.00 deg
1787110251.3642108 [tilt_controller_hardware-2] tilt angle is: 0.00 deg
1787110251.3643131 [tilt_controller_hardware-2] tilt angle is: 0.00 deg
1787110251.3644156 [tilt_controller_hardware-2] tilt angle is: 0.00 deg
1787110251.3645160 [tilt_controller_hardware-2] tilt angle is: 0.00 deg
1787110251.3646159 [tilt_controller_hardware-2] tilt angle is: 0.00 deg
1787110251.3647141 [tilt_controller_hardware-2] tilt angle is: 0.00 deg
1787110251.3648112 [tilt_controller_hardware-2] tilt angle is: 0.00 deg
1787110251.3651247 [tilt_controller_hardware-2] tilt angle is: 0.00 deg
1787110251.3652444 [tilt_controller_hardware-2] tilt angle is: 0.00 deg
1787110251.3654497 [tilt_controller_hardware-2] tilt angle is: 0.00 deg
1787110251.3656435 [tilt_controller_hardware-2] tilt angle is: 0.00 deg
1787110251.3658311 [tilt_controller_hardware-2] tilt angle is: 0.00 deg
1787110251.3661077 [tilt_controller_hardware-2] tilt angle is: 0.00 deg
1787110251.3662291 [tilt_controller_hardware-2] tilt angle is: 0.00 deg
1787110251.3663394 [tilt_controller_hardware-2] tilt angle is: 0.00 deg
1787110251.3665602 [tilt_controller_hardware-2] tilt angle is: 0.00 deg
1787110251.3667264 [tilt_controller_hardware-2] tilt angle is: 0.00 deg
1787110251.3669600 [tilt_controller_hardware-2] tilt angle is: 0.00 deg
1787110251.3671117 [tilt_controller_hardware-2] tilt angle is: 0.00 deg
1787110251.3672667 [tilt_controller_hardware-2] tilt angle is: 0.00 deg
1787110251.3674235 [tilt_controller_hardware-2] tilt angle is: 0.00 deg
1787110251.3675306 [tilt_controller_hardware-2] tilt angle is: 0.00 deg
1787110251.3676348 [tilt_controller_hardware-2] tilt angle is: 0.00 deg
1787110251.3677368 [tilt_controller_hardware-2] tilt angle is: 0.00 deg
1787110251.3678386 [tilt_controller_hardware-2] tilt angle is: 0.00 deg
1787110251.3679388 [tilt_controller_hardware-2] tilt angle is: 0.00 deg
1787110251.3680382 [tilt_controller_hardware-2] tilt angle is: 0.00 deg
1787110251.3681383 [tilt_controller_hardware-2] tilt angle is: 0.00 deg
1787110251.3682380 [tilt_controller_hardware-2] tilt angle is: 0.00 deg
1787110251.3683379 [tilt_controller_hardware-2] tilt angle is: 0.00 deg
1787110251.3684363 [tilt_controller_hardware-2] tilt angle is: 0.00 deg
1787110251.3685806 [tilt_controller_hardware-2] tilt angle is: 0.00 deg
1787110251.3687360 [tilt_controller_hardware-2] tilt angle is: 0.00 deg
1787110251.3689666 [tilt_controller_hardware-2] tilt angle is: 0.00 deg
1787110251.3691523 [tilt_controller_hardware-2] tilt angle is: 0.00 deg
1787110251.3692663 [tilt_controller_hardware-2] tilt angle is: 0.00 deg
1787110251.3694208 [tilt_controller_hardware-2] tilt angle is: 0.00 deg
1787110251.3696141 [tilt_controller_hardware-2] tilt angle is: 0.00 deg
1787110251.3698757 [tilt_controller_hardware-2] tilt angle is: 0.00 deg
1787110251.3700316 [tilt_controller_hardware-2] tilt angle is: 0.00 deg
1787110251.3702295 [tilt_controller_hardware-2] tilt angle is: 0.00 deg
1787110251.3704238 [tilt_controller_hardware-2] tilt angle is: 0.00 deg
1787110251.3706374 [tilt_controller_hardware-2] tilt angle is: 0.00 deg
1787110251.3707530 [tilt_controller_hardware-2] tilt angle is: 0.00 deg
1787110251.3708582 [tilt_controller_hardware-2] tilt angle is: 0.00 deg
1787110251.3709588 [tilt_controller_hardware-2] tilt angle is: 0.00 deg
1787110251.3710599 [tilt_controller_hardware-2] tilt angle is: 0.00 deg
1787110251.3711605 [tilt_controller_hardware-2] tilt angle is: 0.00 deg
1787110251.3712597 [tilt_controller_hardware-2] tilt angle is: 0.00 deg
1787110251.3713605 [tilt_controller_hardware-2] tilt angle is: 0.00 deg
1787110251.3714614 [tilt_controller_hardware-2] tilt angle is: 0.00 deg
1787110251.3715587 [tilt_controller_hardware-2] tilt angle is: 0.00 deg
1787110251.3716552 [tilt_controller_hardware-2] tilt angle is: 0.00 deg
1787110251.3717527 [tilt_controller_hardware-2] tilt angle is: 0.00 deg
1787110251.3718514 [tilt_controller_hardware-2] tilt angle is: 0.00 deg
1787110251.3719933 [tilt_controller_hardware-2] tilt angle is: 0.00 deg
1787110251.3720956 [tilt_controller_hardware-2] tilt angle is: 0.00 deg
1787110251.3721952 [tilt_controller_hardware-2] tilt angle is: 0.00 deg
1787110251.3722944 [tilt_controller_hardware-2] tilt angle is: 0.00 deg
1787110251.3723934 [tilt_controller_hardware-2] tilt angle is: 0.00 deg
1787110251.3725805 [tilt_controller_hardware-2] tilt angle is: 0.00 deg
1787110251.3726883 [tilt_controller_hardware-2] tilt angle is: 0.00 deg
1787110251.3727906 [tilt_controller_hardware-2] tilt angle is: 0.00 deg
1787110251.3728912 [tilt_controller_hardware-2] tilt angle is: 0.00 deg
1787110251.3729894 [tilt_controller_hardware-2] tilt angle is: 0.00 deg
1787110251.3730862 [tilt_controller_hardware-2] tilt angle is: 0.00 deg
1787110251.3731837 [tilt_controller_hardware-2] tilt angle is: 0.00 deg
1787110251.3732808 [tilt_controller_hardware-2] tilt angle is: 0.00 deg
1787110251.3733785 [tilt_controller_hardware-2] tilt angle is: 0.00 deg
1787110251.3734753 [tilt_controller_hardware-2] tilt angle is: 0.00 deg
1787110251.3735726 [tilt_controller_hardware-2] tilt angle is: 0.00 deg
1787110251.3742089 [tilt_controller_hardware-2] tilt angle is: 0.00 deg
1787110251.3743324 [tilt_controller_hardware-2] tilt angle is: 0.00 deg
1787110251.3744926 [tilt_controller_hardware-2] tilt angle is: 0.00 deg
1787110251.3748221 [tilt_controller_hardware-2] tilt angle is: 0.00 deg
1787110251.3749382 [tilt_controller_hardware-2] tilt angle is: 0.00 deg
1787110251.3750601 [tilt_controller_hardware-2] tilt angle is: 0.00 deg
1787110251.3752012 [tilt_controller_hardware-2] tilt angle is: 0.00 deg
1787110251.3753066 [tilt_controller_hardware-2] tilt angle is: 0.00 deg
1787110251.3754060 [tilt_controller_hardware-2] tilt angle is: 0.00 deg
1787110251.3755035 [tilt_controller_hardware-2] tilt angle is: 0.00 deg
1787110251.3755977 [tilt_controller_hardware-2] tilt angle is: 0.00 deg
1787110251.3758051 [tilt_controller_hardware-2] tilt angle is: 0.00 deg
1787110251.3759651 [tilt_controller_hardware-2] tilt angle is: 0.00 deg
1787110251.3761210 [tilt_controller_hardware-2] tilt angle is: 0.00 deg
1787110251.3762681 [tilt_controller_hardware-2] tilt angle is: 0.00 deg
1787110251.3764472 [tilt_controller_hardware-2] tilt angle is: 0.00 deg
1787110251.3765936 [tilt_controller_hardware-2] tilt angle is: 0.00 deg
1787110251.3767760 [tilt_controller_hardware-2] tilt angle is: 0.00 deg
1787110251.3769591 [tilt_controller_hardware-2] tilt angle is: 0.00 deg
1787110251.3770990 [tilt_controller_hardware-2] tilt angle is: 0.00 deg
1787110251.3772845 [tilt_controller_hardware-2] tilt angle is: 0.00 deg
1787110251.3774285 [tilt_controller_hardware-2] tilt angle is: 0.00 deg
1787110251.3775301 [tilt_controller_hardware-2] tilt angle is: 0.00 deg
1787110251.3776264 [tilt_controller_hardware-2] tilt angle is: 0.00 deg
1787110251.3777544 [tilt_controller_hardware-2] tilt angle is: 0.00 deg
1787110251.3778570 [tilt_controller_hardware-2] tilt angle is: 0.00 deg
1787110251.3779528 [tilt_controller_hardware-2] tilt angle is: 0.00 deg
1787110251.3780451 [tilt_controller_hardware-2] tilt angle is: 0.00 deg
1787110251.3781376 [tilt_controller_hardware-2] tilt angle is: 0.00 deg
1787110251.3782296 [tilt_controller_hardware-2] tilt angle is: 0.00 deg
1787110596.5511420 [tilt_controller_hardware-2] tilt angle is: 0.00 deg
1787110596.5517840 [tilt_controller_hardware-2] tilt angle is: 0.00 deg
1787110596.5519986 [tilt_controller_hardware-2] tilt angle is: 0.00 deg
1787110596.5521410 [tilt_controller_hardware-2] tilt angle is: 0.00 deg
1787110596.5522838 [tilt_controller_hardware-2] tilt angle is: 0.00 deg
1787110596.5524406 [tilt_controller_hardware-2] tilt angle is: 0.00 deg
1787110596.5526271 [tilt_controller_hardware-2] tilt angle is: 0.00 deg
1787110596.5528207 [tilt_controller_hardware-2] tilt angle is: 0.00 deg
1787110596.5530035 [tilt_controller_hardware-2] tilt angle is: 0.00 deg
1787110596.5531771 [tilt_controller_hardware-2] tilt angle is: 0.00 deg
1787110596.5536637 [tilt_controller_hardware-2] tilt angle is: 0.00 deg
1787110596.5538838 [tilt_controller_hardware-2] tilt angle is: 0.00 deg
1787110596.5540373 [tilt_controller_hardware-2] tilt angle is: 0.00 deg
1787110596.5544038 [tilt_controller_hardware-2] tilt angle is: 0.00 deg
1787110596.5546913 [tilt_controller_hardware-2] tilt angle is: 0.00 deg
1787110596.5548172 [tilt_controller_hardware-2] tilt angle is: 0.00 deg
1787110596.5549266 [tilt_controller_hardware-2] tilt angle is: 0.00 deg
1787110596.5550280 [tilt_controller_hardware-2] tilt angle is: 0.00 deg
1787110596.5551267 [tilt_controller_hardware-2] tilt angle is: 0.00 deg
1787110596.5552235 [tilt_controller_hardware-2] tilt angle is: 0.00 deg
1787110596.5553184 [tilt_controller_hardware-2] tilt angle is: 0.00 deg
1787110596.5554264 [tilt_controller_hardware-2] tilt angle is: 0.00 deg
1787110596.5555210 [tilt_controller_hardware-2] tilt angle is: 0.00 deg
1787110596.5556130 [tilt_controller_hardware-2] tilt angle is: 0.00 deg
1787110596.5557053 [tilt_controller_hardware-2] tilt angle is: 0.00 deg
1787110596.5557976 [tilt_controller_hardware-2] tilt angle is: 0.00 deg
1787110596.5559404 [tilt_controller_hardware-2] tilt angle is: 0.00 deg
1787110596.5561292 [tilt_controller_hardware-2] tilt angle is: 0.00 deg
1787110596.5563121 [tilt_controller_hardware-2] tilt angle is: 0.00 deg
1787110596.5564528 [tilt_controller_hardware-2] tilt angle is: 0.00 deg
1787110596.5566394 [tilt_controller_hardware-2] tilt angle is: 0.00 deg
1787110596.5568204 [tilt_controller_hardware-2] tilt angle is: 0.00 deg
1787110596.5569997 [tilt_controller_hardware-2] tilt angle is: 0.00 deg
1787110596.5571361 [tilt_controller_hardware-2] tilt angle is: 0.00 deg
1787110596.5573142 [tilt_controller_hardware-2] tilt angle is: 0.00 deg
1787110596.5574946 [tilt_controller_hardware-2] tilt angle is: 0.00 deg
1787110596.5576744 [tilt_controller_hardware-2] tilt angle is: 0.00 deg
1787110596.5578136 [tilt_controller_hardware-2] tilt angle is: 0.00 deg
1787110596.5579147 [tilt_controller_hardware-2] tilt angle is: 0.00 deg
1787110596.5580111 [tilt_controller_hardware-2] tilt angle is: 0.00 deg
1787110596.5581069 [tilt_controller_hardware-2] tilt angle is: 0.00 deg
1787110596.5582008 [tilt_controller_hardware-2] tilt angle is: 0.00 deg
1787110596.5582943 [tilt_controller_hardware-2] tilt angle is: 0.00 deg
1787110596.5583878 [tilt_controller_hardware-2] tilt angle is: 0.00 deg
1787110596.5584800 [tilt_controller_hardware-2] tilt angle is: 0.00 deg
1787110596.5586007 [tilt_controller_hardware-2] tilt angle is: 0.00 deg
1787110596.5586987 [tilt_controller_hardware-2] tilt angle is: 0.00 deg
1787110596.5587924 [tilt_controller_hardware-2] tilt angle is: 0.00 deg
1787110596.5588849 [tilt_controller_hardware-2] tilt angle is: 0.00 deg
1787110596.5589776 [tilt_controller_hardware-2] tilt angle is: 0.00 deg
1787110596.5590701 [tilt_controller_hardware-2] tilt angle is: 0.00 deg
1787110596.5592694 [tilt_controller_hardware-2] tilt angle is: 0.00 deg
1787110596.5595069 [tilt_controller_hardware-2] tilt angle is: 0.00 deg
1787110596.5596130 [tilt_controller_hardware-2] tilt angle is: 0.00 deg
1787110596.5597124 [tilt_controller_hardware-2] tilt angle is: 0.00 deg
1787110596.5598083 [tilt_controller_hardware-2] tilt angle is: 0.00 deg
1787110596.5599518 [tilt_controller_hardware-2] tilt angle is: 0.00 deg
1787110596.5601358 [tilt_controller_hardware-2] tilt angle is: 0.00 deg
1787110596.5603158 [tilt_controller_hardware-2] tilt angle is: 0.00 deg
1787110596.5604548 [tilt_controller_hardware-2] tilt angle is: 0.00 deg
1787110596.5605991 [tilt_controller_hardware-2] tilt angle is: 0.00 deg
1787110596.5607483 [tilt_controller_hardware-2] tilt angle is: 0.00 deg
1787110596.5613642 [tilt_controller_hardware-2] tilt angle is: 0.00 deg
1787110596.5615325 [tilt_controller_hardware-2] tilt angle is: 0.00 deg
1787110596.5616412 [tilt_controller_hardware-2] tilt angle is: 0.00 deg
1787110596.5617900 [tilt_controller_hardware-2] tilt angle is: 0.00 deg
1787110596.5618944 [tilt_controller_hardware-2] tilt angle is: 0.00 deg
1787110596.5619929 [tilt_controller_hardware-2] tilt angle is: 0.00 deg
1787110596.5620871 [tilt_controller_hardware-2] tilt angle is: 0.00 deg
1787110596.5621793 [tilt_controller_hardware-2] tilt angle is: 0.00 deg
1787110596.5622709 [tilt_controller_hardware-2] tilt angle is: 0.00 deg
1787110596.5623627 [tilt_controller_hardware-2] tilt angle is: 0.00 deg
1787110596.5625017 [tilt_controller_hardware-2] tilt angle is: 0.00 deg
1787110596.5626924 [tilt_controller_hardware-2] tilt angle is: 0.00 deg
1787110596.5628803 [tilt_controller_hardware-2] tilt angle is: 0.00 deg
1787110596.5630269 [tilt_controller_hardware-2] tilt angle is: 0.00 deg
1787110596.5632050 [tilt_controller_hardware-2] tilt angle is: 0.00 deg
1787110596.5633893 [tilt_controller_hardware-2] tilt angle is: 0.00 deg
1787110596.5636902 [tilt_controller_hardware-2] tilt angle is: 0.00 deg
1787110596.5638702 [tilt_controller_hardware-2] tilt angle is: 0.00 deg
1787110596.5640197 [tilt_controller_hardware-2] tilt angle is: 0.00 deg
1787110596.5644035 [tilt_controller_hardware-2] tilt angle is: 0.00 deg
1787110596.5645967 [tilt_controller_hardware-2] tilt angle is: 0.00 deg
1787110596.5647485 [tilt_controller_hardware-2] tilt angle is: 0.00 deg
1787110596.5648530 [tilt_controller_hardware-2] tilt angle is: 0.00 deg
1787110596.5649531 [tilt_controller_hardware-2] tilt angle is: 0.00 deg
1787110596.5650504 [tilt_controller_hardware-2] tilt angle is: 0.00 deg
1787110596.5651617 [tilt_controller_hardware-2] tilt angle is: 0.00 deg
1787110596.5652573 [tilt_controller_hardware-2] tilt angle is: 0.00 deg
1787110596.5654011 [tilt_controller_hardware-2] tilt angle is: 0.00 deg
1787110596.5655017 [tilt_controller_hardware-2] tilt angle is: 0.00 deg
1787110596.5656662 [tilt_controller_hardware-2] tilt angle is: 0.00 deg
1787110596.5658498 [tilt_controller_hardware-2] tilt angle is: 0.00 deg
1787110596.5660000 [tilt_controller_hardware-2] tilt angle is: 0.00 deg
1787110596.5661483 [tilt_controller_hardware-2] tilt angle is: 0.00 deg
1787110596.5663724 [tilt_controller_hardware-2] tilt angle is: 0.00 deg
1787110596.5665812 [tilt_controller_hardware-2] tilt angle is: 0.00 deg
1787110596.5667679 [tilt_controller_hardware-2] tilt angle is: 0.00 deg
1787110596.5669215 [tilt_controller_hardware-2] tilt angle is: 0.00 deg
1787110596.5671089 [tilt_controller_hardware-2] tilt angle is: 0.00 deg
1787110596.5673296 [tilt_controller_hardware-2] tilt angle is: 0.00 deg
1787110596.5675073 [tilt_controller_hardware-2] tilt angle is: 0.00 deg
1787110596.5676932 [tilt_controller_hardware-2] tilt angle is: 0.00 deg
1787110596.5678761 [tilt_controller_hardware-2] tilt angle is: 0.00 deg
1787110596.5680215 [tilt_controller_hardware-2] tilt angle is: 0.00 deg
1787110596.5681226 [tilt_controller_hardware-2] tilt angle is: 0.00 deg
1787110596.5682206 [tilt_controller_hardware-2] tilt angle is: 0.00 deg
1787110596.5683157 [tilt_controller_hardware-2] tilt angle is: 0.00 deg
1787110596.5684564 [tilt_controller_hardware-2] tilt angle is: 0.00 deg
1787110596.5685585 [tilt_controller_hardware-2] tilt angle is: 0.00 deg
1787110596.5686550 [tilt_controller_hardware-2] tilt angle is: 0.00 deg
1787110596.5687506 [tilt_controller_hardware-2] tilt angle is: 0.00 deg
1787110596.5688443 [tilt_controller_hardware-2] tilt angle is: 0.00 deg
1787110596.5689366 [tilt_controller_hardware-2] tilt angle is: 0.00 deg
1787110596.5690267 [tilt_controller_hardware-2] tilt angle is: 0.00 deg
1787110596.5691185 [tilt_controller_hardware-2] tilt angle is: 0.00 deg
1787110596.5692594 [tilt_controller_hardware-2] tilt angle is: 0.00 deg
1787110596.5693924 [tilt_controller_hardware-2] tilt angle is: 0.00 deg
1787110596.5695071 [tilt_controller_hardware-2] tilt angle is: 0.00 deg
1787110596.5696213 [tilt_controller_hardware-2] tilt angle is: 0.00 deg
1787110596.5697193 [tilt_controller_hardware-2] tilt angle is: 0.00 deg
1787110596.5698121 [tilt_controller_hardware-2] tilt angle is: 0.00 deg
1787110596.5699034 [tilt_controller_hardware-2] tilt angle is: 0.00 deg
1787110596.5700471 [tilt_controller_hardware-2] tilt angle is: 0.00 deg
1787110596.5701408 [tilt_controller_hardware-2] tilt angle is: 0.00 deg
1787110596.5702312 [tilt_controller_hardware-2] tilt angle is: 0.00 deg
1787110596.5703211 [tilt_controller_hardware-2] tilt angle is: 0.00 deg
1787110596.5704119 [tilt_controller_hardware-2] tilt angle is: 0.00 deg
1787110596.5705028 [tilt_controller_hardware-2] tilt angle is: 0.00 deg
1787110596.5706284 [tilt_controller_hardware-2] tilt angle is: 0.00 deg
1787110596.5708249 [tilt_controller_hardware-2] tilt angle is: 0.00 deg
1787110596.5709636 [tilt_controller_hardware-2] tilt angle is: 0.00 deg
1787110596.5710635 [tilt_controller_hardware-2] tilt angle is: 0.00 deg
1787110596.5711579 [tilt_controller_hardware-2] tilt angle is: 0.00 deg
1787110596.5712507 [tilt_controller_hardware-2] tilt angle is: 0.00 deg
1787110596.5713439 [tilt_controller_hardware-2] tilt angle is: 0.00 deg
1787110596.5714922 [tilt_controller_hardware-2] tilt angle is: 0.00 deg
1787110596.5715899 [tilt_controller_hardware-2] tilt angle is: 0.00 deg
1787110596.5716829 [tilt_controller_hardware-2] tilt angle is: 0.00 deg
1787110596.5717747 [tilt_controller_hardware-2] tilt angle is: 0.00 deg
1787110596.5718656 [tilt_controller_hardware-2] tilt angle is: 0.00 deg
1787110596.5719564 [tilt_controller_hardware-2] tilt angle is: 0.00 deg
1787110596.5720479 [tilt_controller_hardware-2] tilt angle is: 0.00 deg
1787110596.5721421 [tilt_controller_hardware-2] tilt angle is: 0.00 deg
1787110596.5722351 [tilt_controller_hardware-2] tilt angle is: 0.00 deg
1787110596.5723274 [tilt_controller_hardware-2] tilt angle is: 0.00 deg
1787110596.5724661 [tilt_controller_hardware-2] tilt angle is: 0.00 deg
1787110596.5726492 [tilt_controller_hardware-2] tilt angle is: 0.00 deg
1787110596.5727942 [tilt_controller_hardware-2] tilt angle is: 0.00 deg
1787110596.5729322 [tilt_controller_hardware-2] tilt angle is: 0.00 deg
1787110596.5731227 [tilt_controller_hardware-2] tilt angle is: 0.00 deg
1787110596.5733056 [tilt_controller_hardware-2] tilt angle is: 0.00 deg
1787110596.5735788 [tilt_controller_hardware-2] tilt angle is: 0.00 deg
1787110596.5737624 [tilt_controller_hardware-2] tilt angle is: 0.00 deg
1787110596.5739737 [tilt_controller_hardware-2] tilt angle is: 0.00 deg
1787110596.5742998 [tilt_controller_hardware-2] tilt angle is: 0.00 deg
1787110596.5745628 [tilt_controller_hardware-2] tilt angle is: 0.00 deg
1787110596.5747588 [tilt_controller_hardware-2] tilt angle is: 0.00 deg
1787110596.5748730 [tilt_controller_hardware-2] tilt angle is: 0.00 deg
1787110596.5749753 [tilt_controller_hardware-2] tilt angle is: 0.00 deg
1787110596.5750723 [tilt_controller_hardware-2] tilt angle is: 0.00 deg
1787110596.5751672 [tilt_controller_hardware-2] tilt angle is: 0.00 deg
1787110596.5752609 [tilt_controller_hardware-2] tilt angle is: 0.00 deg
1787110596.5753541 [tilt_controller_hardware-2] tilt angle is: 0.00 deg
1787110596.5754833 [tilt_controller_hardware-2] tilt angle is: 0.00 deg
1787110596.5755844 [tilt_controller_hardware-2] tilt angle is: 0.00 deg
1787110596.5756798 [tilt_controller_hardware-2] tilt angle is: 0.00 deg
1787110596.5757711 [tilt_controller_hardware-2] tilt angle is: 0.00 deg
1787110596.5759132 [tilt_controller_hardware-2] tilt angle is: 0.00 deg
1787110596.5760605 [tilt_controller_hardware-2] tilt angle is: 0.00 deg
1787110596.5762787 [tilt_controller_hardware-2] tilt angle is: 0.00 deg
1787110596.5764599 [tilt_controller_hardware-2] tilt angle is: 0.00 deg
1787110596.5765960 [tilt_controller_hardware-2] tilt angle is: 0.00 deg
1787110596.5767810 [tilt_controller_hardware-2] tilt angle is: 0.00 deg
1787110596.5769625 [tilt_controller_hardware-2] tilt angle is: 0.00 deg
1787110596.5771437 [tilt_controller_hardware-2] tilt angle is: 0.00 deg
1787110596.5773220 [tilt_controller_hardware-2] tilt angle is: 0.00 deg
1787110596.5774968 [tilt_controller_hardware-2] tilt angle is: 0.00 deg
1787110596.5776801 [tilt_controller_hardware-2] tilt angle is: 0.00 deg
1787110596.5778618 [tilt_controller_hardware-2] tilt angle is: 0.00 deg
1787110596.5780101 [tilt_controller_hardware-2] tilt angle is: 0.00 deg
1787110596.5781112 [tilt_controller_hardware-2] tilt angle is: 0.00 deg
1787110596.5782056 [tilt_controller_hardware-2] tilt angle is: 0.00 deg
1787110596.5782981 [tilt_controller_hardware-2] tilt angle is: 0.00 deg
1787110596.5783904 [tilt_controller_hardware-2] tilt angle is: 0.00 deg
1787110596.5784826 [tilt_controller_hardware-2] tilt angle is: 0.00 deg
1787110596.5786083 [tilt_controller_hardware-2] tilt angle is: 0.00 deg
1787110596.5787079 [tilt_controller_hardware-2] tilt angle is: 0.00 deg
1787110596.5788052 [tilt_controller_hardware-2] tilt angle is: 0.00 deg
1787110596.5788999 [tilt_controller_hardware-2] tilt angle is: 0.00 deg
1787110596.5789936 [tilt_controller_hardware-2] tilt angle is: 0.00 deg
1787110596.5790851 [tilt_controller_hardware-2] tilt angle is: 0.00 deg
1787110596.5791898 [tilt_controller_hardware-2] tilt angle is: 0.00 deg
1787110596.5792856 [tilt_controller_hardware-2] tilt angle is: 0.00 deg
1787110596.5795014 [tilt_controller_hardware-2] tilt angle is: 0.00 deg
1787110596.5796487 [tilt_controller_hardware-2] tilt angle is: 0.00 deg
1787110596.5798664 [tilt_controller_hardware-2] tilt angle is: 0.00 deg
1787110596.5800109 [tilt_controller_hardware-2] tilt angle is: 0.00 deg
1787110596.5801454 [tilt_controller_hardware-2] tilt angle is: 0.00 deg
1787110596.5802448 [tilt_controller_hardware-2] tilt angle is: 0.00 deg
1787110596.5803399 [tilt_controller_hardware-2] tilt angle is: 0.00 deg
1787110596.5804336 [tilt_controller_hardware-2] tilt angle is: 0.00 deg
1787110596.5805271 [tilt_controller_hardware-2] tilt angle is: 0.00 deg
1787110596.5806201 [tilt_controller_hardware-2] tilt angle is: 0.00 deg
1787110596.5807128 [tilt_controller_hardware-2] tilt angle is: 0.00 deg
1787110596.5808051 [tilt_controller_hardware-2] tilt angle is: 0.00 deg
1787110596.5808980 [tilt_controller_hardware-2] tilt angle is: 0.00 deg
1787110596.5809915 [tilt_controller_hardware-2] tilt angle is: 0.00 deg
1787110596.5810850 [tilt_controller_hardware-2] tilt angle is: 0.00 deg
1787110596.5812387 [tilt_controller_hardware-2] tilt angle is: 0.00 deg
1787110596.5813396 [tilt_controller_hardware-2] tilt angle is: 0.00 deg
1787110596.5814519 [tilt_controller_hardware-2] tilt angle is: 0.00 deg
1787110596.5815978 [tilt_controller_hardware-2] tilt angle is: 0.00 deg
1787110596.5817037 [tilt_controller_hardware-2] tilt angle is: 0.00 deg
1787110596.5817995 [tilt_controller_hardware-2] tilt angle is: 0.00 deg
1787110596.5818934 [tilt_controller_hardware-2] tilt angle is: 0.00 deg
1787110596.5819857 [tilt_controller_hardware-2] tilt angle is: 0.00 deg
1787110596.5820785 [tilt_controller_hardware-2] tilt angle is: 0.00 deg
1787110596.5821693 [tilt_controller_hardware-2] tilt angle is: 0.00 deg
1787110596.5822616 [tilt_controller_hardware-2] tilt angle is: 0.00 deg
1787110596.5823541 [tilt_controller_hardware-2] tilt angle is: 0.00 deg
1787110596.5825884 [tilt_controller_hardware-2] tilt angle is: 0.00 deg
1787110596.5827069 [tilt_controller_hardware-2] tilt angle is: 0.00 deg
1787110596.5828097 [tilt_controller_hardware-2] tilt angle is: 0.00 deg
1787110596.5829070 [tilt_controller_hardware-2] tilt angle is: 0.00 deg
1787110596.5830536 [tilt_controller_hardware-2] tilt angle is: 0.00 deg
1787110596.5832365 [tilt_controller_hardware-2] tilt angle is: 0.00 deg
1787110596.5834134 [tilt_controller_hardware-2] tilt angle is: 0.00 deg
1787110596.5837035 [tilt_controller_hardware-2] tilt angle is: 0.00 deg
1787110596.5838904 [tilt_controller_hardware-2] tilt angle is: 0.00 deg
1787110596.5842910 [tilt_controller_hardware-2] tilt angle is: 0.00 deg
1787110596.5844932 [tilt_controller_hardware-2] tilt angle is: 0.00 deg
1787110596.5846446 [tilt_controller_hardware-2] tilt angle is: 0.00 deg
1787110596.5847492 [tilt_controller_hardware-2] tilt angle is: 0.00 deg
1787110596.5848472 [tilt_controller_hardware-2] tilt angle is: 0.00 deg
1787110596.5849421 [tilt_controller_hardware-2] tilt angle is: 0.00 deg
1787110596.5850356 [tilt_controller_hardware-2] tilt angle is: 0.00 deg
1787110596.5851283 [tilt_controller_hardware-2] tilt angle is: 0.00 deg
1787110596.5852201 [tilt_controller_hardware-2] tilt angle is: 0.00 deg
1787110596.5853131 [tilt_controller_hardware-2] tilt angle is: 0.00 deg
1787110596.5854044 [tilt_controller_hardware-2] tilt angle is: 0.00 deg
1787110596.5854952 [tilt_controller_hardware-2] tilt angle is: 0.00 deg
1787110596.5855858 [tilt_controller_hardware-2] tilt angle is: 0.00 deg
1787110596.5856764 [tilt_controller_hardware-2] tilt angle is: 0.00 deg
1787110596.5858066 [tilt_controller_hardware-2] tilt angle is: 0.00 deg
1787110596.5859954 [tilt_controller_hardware-2] tilt angle is: 0.00 deg
1787110596.5861378 [tilt_controller_hardware-2] tilt angle is: 0.00 deg
1787110596.5863159 [tilt_controller_hardware-2] tilt angle is: 0.00 deg
1787110596.5864902 [tilt_controller_hardware-2] tilt angle is: 0.00 deg
1787110596.5867002 [tilt_controller_hardware-2] tilt angle is: 0.00 deg
1787110596.5869205 [tilt_controller_hardware-2] tilt angle is: 0.00 deg
1787110596.5871027 [tilt_controller_hardware-2] tilt angle is: 0.00 deg
1787110596.5873232 [tilt_controller_hardware-2] tilt angle is: 0.00 deg
1787110596.5875118 [tilt_controller_hardware-2] tilt angle is: 0.00 deg
1787110596.5876629 [tilt_controller_hardware-2] tilt angle is: 0.00 deg
1787110596.5878470 [tilt_controller_hardware-2] tilt angle is: 0.00 deg
1787110596.5879934 [tilt_controller_hardware-2] tilt angle is: 0.00 deg
1787110596.5880933 [tilt_controller_hardware-2] tilt angle is: 0.00 deg
1787110596.5881889 [tilt_controller_hardware-2] tilt angle is: 0.00 deg
1787110596.5882823 [tilt_controller_hardware-2] tilt angle is: 0.00 deg
1787110596.5883758 [tilt_controller_hardware-2] tilt angle is: 0.00 deg
1787110596.5884674 [tilt_controller_hardware-2] tilt angle is: 0.00 deg
1787110596.5885594 [tilt_controller_hardware-2] tilt angle is: 0.00 deg
1787110596.5886500 [tilt_controller_hardware-2] tilt angle is: 0.00 deg
1787110596.5887408 [tilt_controller_hardware-2] tilt angle is: 0.00 deg
1787110596.5888314 [tilt_controller_hardware-2] tilt angle is: 0.00 deg
1787110596.5889220 [tilt_controller_hardware-2] tilt angle is: 0.00 deg
1787110596.5890126 [tilt_controller_hardware-2] tilt angle is: 0.00 deg
1787110596.5891044 [tilt_controller_hardware-2] tilt angle is: 0.00 deg
1787110596.5892348 [tilt_controller_hardware-2] tilt angle is: 0.00 deg
1787110596.5894063 [tilt_controller_hardware-2] tilt angle is: 0.00 deg
1787110596.5895965 [tilt_controller_hardware-2] tilt angle is: 0.00 deg
1787110596.5897772 [tilt_controller_hardware-2] tilt angle is: 0.00 deg
1787110596.5899572 [tilt_controller_hardware-2] tilt angle is: 0.00 deg
1787110596.5900936 [tilt_controller_hardware-2] tilt angle is: 0.00 deg
1787110596.5902779 [tilt_controller_hardware-2] tilt angle is: 0.00 deg
1787110596.5904932 [tilt_controller_hardware-2] tilt angle is: 0.00 deg
1787110596.5906961 [tilt_controller_hardware-2] tilt angle is: 0.00 deg
1787110596.5908337 [tilt_controller_hardware-2] tilt angle is: 0.00 deg
1787110596.5909410 [tilt_controller_hardware-2] tilt angle is: 0.00 deg
1787110596.5910385 [tilt_controller_hardware-2] tilt angle is: 0.00 deg
1787110596.5911331 [tilt_controller_hardware-2] tilt angle is: 0.00 deg
1787110596.5912263 [tilt_controller_hardware-2] tilt angle is: 0.00 deg
1787110596.5913188 [tilt_controller_hardware-2] tilt angle is: 0.00 deg
1787110596.5914118 [tilt_controller_hardware-2] tilt angle is: 0.00 deg
1787110596.5915048 [tilt_controller_hardware-2] tilt angle is: 0.00 deg
1787110596.5915961 [tilt_controller_hardware-2] tilt angle is: 0.00 deg
1787110596.5916867 [tilt_controller_hardware-2] tilt angle is: 0.00 deg
1787110596.5917778 [tilt_controller_hardware-2] tilt angle is: 0.00 deg
1787110596.5919278 [tilt_controller_hardware-2] tilt angle is: 0.00 deg
1787110596.5920289 [tilt_controller_hardware-2] tilt angle is: 0.00 deg
1787110596.5921245 [tilt_controller_hardware-2] tilt angle is: 0.00 deg
1787110596.5922177 [tilt_controller_hardware-2] tilt angle is: 0.00 deg
1787110596.5923085 [tilt_controller_hardware-2] tilt angle is: 0.00 deg
1787110596.5924449 [tilt_controller_hardware-2] tilt angle is: 0.00 deg
1787110596.5925829 [tilt_controller_hardware-2] tilt angle is: 0.00 deg
1787110596.5926805 [tilt_controller_hardware-2] tilt angle is: 0.00 deg
1787110596.5927753 [tilt_controller_hardware-2] tilt angle is: 0.00 deg
1787110596.5928693 [tilt_controller_hardware-2] tilt angle is: 0.00 deg
1787110596.5929630 [tilt_controller_hardware-2] tilt angle is: 0.00 deg
1787110596.5931487 [tilt_controller_hardware-2] tilt angle is: 0.00 deg
1787110596.5933313 [tilt_controller_hardware-2] tilt angle is: 0.00 deg
1787110596.5935593 [tilt_controller_hardware-2] tilt angle is: 0.00 deg
1787110596.5937524 [tilt_controller_hardware-2] tilt angle is: 0.00 deg
1787110596.5939367 [tilt_controller_hardware-2] tilt angle is: 0.00 deg
1787110596.5942638 [tilt_controller_hardware-2] tilt angle is: 0.00 deg
1787110596.5944207 [tilt_controller_hardware-2] tilt angle is: 0.00 deg
1787110596.5946772 [tilt_controller_hardware-2] tilt angle is: 0.00 deg
1787110596.5948076 [tilt_controller_hardware-2] tilt angle is: 0.00 deg
1787110596.5949121 [tilt_controller_hardware-2] tilt angle is: 0.00 deg
1787110596.5950098 [tilt_controller_hardware-2] tilt angle is: 0.00 deg
1787110596.5951045 [tilt_controller_hardware-2] tilt angle is: 0.00 deg
1787110596.5951984 [tilt_controller_hardware-2] tilt angle is: 0.00 deg
1787110596.5952909 [tilt_controller_hardware-2] tilt angle is: 0.00 deg
1787110596.5953834 [tilt_controller_hardware-2] tilt angle is: 0.00 deg
1787110596.5954766 [tilt_controller_hardware-2] tilt angle is: 0.00 deg
1787110596.5955698 [tilt_controller_hardware-2] tilt angle is: 0.00 deg
1787110596.5956624 [tilt_controller_hardware-2] tilt angle is: 0.00 deg
1787110596.5958393 [tilt_controller_hardware-2] tilt angle is: 0.00 deg
1787110596.5959816 [tilt_controller_hardware-2] tilt angle is: 0.00 deg
1787110596.5961308 [tilt_controller_hardware-2] tilt angle is: 0.00 deg
1787110596.5963128 [tilt_controller_hardware-2] tilt angle is: 0.00 deg
1787110596.5964875 [tilt_controller_hardware-2] tilt angle is: 0.00 deg
1787110596.5966375 [tilt_controller_hardware-2] tilt angle is: 0.00 deg
1787110596.5968192 [tilt_controller_hardware-2] tilt angle is: 0.00 deg
1787110596.5969985 [tilt_controller_hardware-2] tilt angle is: 0.00 deg
1787110596.5971439 [tilt_controller_hardware-2] tilt angle is: 0.00 deg
1787110596.5973215 [tilt_controller_hardware-2] tilt angle is: 0.00 deg
1787110596.5974972 [tilt_controller_hardware-2] tilt angle is: 0.00 deg
1787110596.5976777 [tilt_controller_hardware-2] tilt angle is: 0.00 deg
1787110596.5978603 [tilt_controller_hardware-2] tilt angle is: 0.00 deg
1787110596.5980053 [tilt_controller_hardware-2] tilt angle is: 0.00 deg
1787110596.5981057 [tilt_controller_hardware-2] tilt angle is: 0.00 deg
1787110596.5982003 [tilt_controller_hardware-2] tilt angle is: 0.00 deg
1787110596.5982938 [tilt_controller_hardware-2] tilt angle is: 0.00 deg
1787110596.5984161 [tilt_controller_hardware-2] tilt angle is: 0.00 deg
1787110596.5985432 [tilt_controller_hardware-2] tilt angle is: 0.00 deg
1787110596.5986450 [tilt_controller_hardware-2] tilt angle is: 0.00 deg
1787110596.5987377 [tilt_controller_hardware-2] tilt angle is: 0.00 deg
1787110596.5988302 [tilt_controller_hardware-2] tilt angle is: 0.00 deg
1787110596.5989213 [tilt_controller_hardware-2] tilt angle is: 0.00 deg
